Archive member included to satisfy reference by file (symbol)

/usr/lib/gcc/arm-none-eabi/12.2.0/thumb/v6-m/nofp/libgcc.a(_udivsi3.o)
                              Build/obj/system_stm32g0xx.o (__aeabi_uidiv)
/usr/lib/gcc/arm-none-eabi/12.2.0/thumb/v6-m/nofp/libgcc.a(_divsi3.o)
                              Build/obj/app_clock.o (__aeabi_idiv)
/usr/lib/gcc/arm-none-eabi/12.2.0/thumb/v6-m/nofp/libgcc.a(_dvmd_tls.o)
                              /usr/lib/gcc/arm-none-eabi/12.2.0/thumb/v6-m/nofp/libgcc.a(_udivsi3.o) (__aeabi_idiv0)
/usr/lib/gcc/arm-none-eabi/12.2.0/../../../../arm-none-eabi/lib/thumb/v6-m/nofp/libc_nano.a(libc_a-atexit.o)
                              /usr/lib/gcc/arm-none-eabi/12.2.0/../../../../arm-none-eabi/lib/thumb/v6-m/nofp/rdimon-crt0.o (atexit)
/usr/lib/gcc/arm-none-eabi/12.2.0/../../../../arm-none-eabi/lib/thumb/v6-m/nofp/libc_nano.a(libc_a-exit.o)
                              /usr/lib/gcc/arm-none-eabi/12.2.0/../../../../arm-none-eabi/lib/thumb/v6-m/nofp/rdimon-crt0.o (exit)
/usr/lib/gcc/arm-none-eabi/12.2.0/../../../../arm-none-eabi/lib/thumb/v6-m/nofp/libc_nano.a(libc_a-itoa.o)
                              Build/obj/app_display.o (__itoa)
/usr/lib/gcc/arm-none-eabi/12.2.0/../../../../arm-none-eabi/lib/thumb/v6-m/nofp/libc_nano.a(libc_a-utoa.o)
                              /usr/lib/gcc/arm-none-eabi/12.2.0/../../../../arm-none-eabi/lib/thumb/v6-m/nofp/libc_nano.a(libc_a-itoa.o) (__utoa)
/usr/lib/gcc/arm-none-eabi/12.2.0/../../../../arm-none-eabi/lib/thumb/v6-m/nofp/libc_nano.a(libc_a-findfp.o)
                              /usr/lib/gcc/arm-none-eabi/12.2.0/../../../../arm-none-eabi/lib/thumb/v6-m/nofp/libc_nano.a(libc_a-exit.o) (__stdio_exit_handler)
/usr/lib/gcc/arm-none-eabi/12.2.0/../../../../arm-none-eabi/lib/thumb/v6-m/nofp/libc_nano.a(libc_a-fwalk.o)
                              /usr/lib/gcc/arm-none-eabi/12.2.0/../../../../arm-none-eabi/lib/thumb/v6-m/nofp/libc_nano.a(libc_a-findfp.o) (_fwalk_sglue)
/usr/lib/gcc/arm-none-eabi/12.2.0/../../../../arm-none-eabi/lib/thumb/v6-m/nofp/libc_nano.a(libc_a-stdio.o)
                              /usr/lib/gcc/arm-none-eabi/12.2.0/../../../../arm-none-eabi/lib/thumb/v6-m/nofp/libc_nano.a(libc_a-findfp.o) (__sread)
/usr/lib/gcc/arm-none-eabi/12.2.0/../../../../arm-none-eabi/lib/thumb/v6-m/nofp/libc_nano.a(libc_a-memset.o)
                              /usr/lib/gcc/arm-none-eabi/12.2.0/../../../../arm-none-eabi/lib/thumb/v6-m/nofp/rdimon-crt0.o (memset)
/usr/lib/gcc/arm-none-eabi/12.2.0/../../../../arm-none-eabi/lib/thumb/v6-m/nofp/libc_nano.a(libc_a-strcat.o)
                              Build/obj/app_display.o (strcat)
/usr/lib/gcc/arm-none-eabi/12.2.0/../../../../arm-none-eabi/lib/thumb/v6-m/nofp/libc_nano.a(libc_a-closer.o)
                              /usr/lib/gcc/arm-none-eabi/12.2.0/../../../../arm-none-eabi/lib/thumb/v6-m/nofp/libc_nano.a(libc_a-stdio.o) (_close_r)
/usr/lib/gcc/arm-none-eabi/12.2.0/../../../../arm-none-eabi/lib/thumb/v6-m/nofp/libc_nano.a(libc_a-reent.o)
                              /usr/lib/gcc/arm-none-eabi/12.2.0/../../../../arm-none-eabi/lib/thumb/v6-m/nofp/libc_nano.a(libc_a-closer.o) (errno)
/usr/lib/gcc/arm-none-eabi/12.2.0/../../../../arm-none-eabi/lib/thumb/v6-m/nofp/libc_nano.a(libc_a-impure.o)
                              /usr/lib/gcc/arm-none-eabi/12.2.0/../../../../arm-none-eabi/lib/thumb/v6-m/nofp/libc_nano.a(libc_a-reent.o) (_impure_ptr)
/usr/lib/gcc/arm-none-eabi/12.2.0/../../../../arm-none-eabi/lib/thumb/v6-m/nofp/libc_nano.a(libc_a-lseekr.o)
                              /usr/lib/gcc/arm-none-eabi/12.2.0/../../../../arm-none-eabi/lib/thumb/v6-m/nofp/libc_nano.a(libc_a-stdio.o) (_lseek_r)
/usr/lib/gcc/arm-none-eabi/12.2.0/../../../../arm-none-eabi/lib/thumb/v6-m/nofp/libc_nano.a(libc_a-readr.o)
                              /usr/lib/gcc/arm-none-eabi/12.2.0/../../../../arm-none-eabi/lib/thumb/v6-m/nofp/libc_nano.a(libc_a-stdio.o) (_read_r)
/usr/lib/gcc/arm-none-eabi/12.2.0/../../../../arm-none-eabi/lib/thumb/v6-m/nofp/libc_nano.a(libc_a-writer.o)
                              /usr/lib/gcc/arm-none-eabi/12.2.0/../../../../arm-none-eabi/lib/thumb/v6-m/nofp/libc_nano.a(libc_a-stdio.o) (_write_r)
/usr/lib/gcc/arm-none-eabi/12.2.0/../../../../arm-none-eabi/lib/thumb/v6-m/nofp/libc_nano.a(libc_a-init.o)
                              /usr/lib/gcc/arm-none-eabi/12.2.0/../../../../arm-none-eabi/lib/thumb/v6-m/nofp/rdimon-crt0.o (__libc_init_array)
/usr/lib/gcc/arm-none-eabi/12.2.0/../../../../arm-none-eabi/lib/thumb/v6-m/nofp/libc_nano.a(libc_a-fini.o)
                              /usr/lib/gcc/arm-none-eabi/12.2.0/../../../../arm-none-eabi/lib/thumb/v6-m/nofp/rdimon-crt0.o (__libc_fini_array)
/usr/lib/gcc/arm-none-eabi/12.2.0/../../../../arm-none-eabi/lib/thumb/v6-m/nofp/libc_nano.a(libc_a-lock.o)
                              /usr/lib/gcc/arm-none-eabi/12.2.0/../../../../arm-none-eabi/lib/thumb/v6-m/nofp/libc_nano.a(libc_a-findfp.o) (__retarget_lock_init_recursive)
[...]
Memory Configuration

Name             Origin             Length             Attributes
RAM              0x0000000020000000 0x0000000000024000 xrw
FLASH            0x0000000008000000 0x0000000000080000 xr
*default*        0x0000000000000000 0xffffffffffffffff

Linker script and memory map

LOAD /usr/lib/gcc/arm-none-eabi/12.2.0/thumb/v6-m/nofp/crti.o
LOAD /usr/lib/gcc/arm-none-eabi/12.2.0/thumb/v6-m/nofp/crtbegin.o
LOAD /usr/lib/gcc/arm-none-eabi/12.2.0/../../../../arm-none-eabi/lib/thumb/v6-m/nofp/rdimon-crt0.o
LOAD Build/obj/main.o
LOAD Build/obj/app_ints.o
LOAD Build/obj/app_msps.o
LOAD Build/obj/startup_stm32g0b1xx.o
LOAD Build/obj/system_stm32g0xx.o
LOAD Build/obj/stm32g0xx_hal.o
LOAD Build/obj/stm32g0xx_hal_cortex.o
LOAD Build/obj/stm32g0xx_hal_rcc.o
LOAD Build/obj/stm32g0xx_hal_flash.o
LOAD Build/obj/stm32g0xx_hal_gpio.o
LOAD Build/obj/stm32g0xx_hal_exti.o
LOAD Build/obj/stm32g0xx_hal_adc.o
LOAD Build/obj/stm32g0xx_hal_adc_ex.o
LOAD Build/obj/stm32g0xx_hal_fdcan.o
LOAD Build/obj/stm32g0xx_hal_flash_ex.o
LOAD Build/obj/stm32g0xx_hal_tim.o
LOAD Build/obj/stm32g0xx_hal_tim_ex.o
LOAD Build/obj/app_serial.o
LOAD Build/obj/app_clock.o
LOAD Build/obj/stm32g0xx_hal_rtc.o
LOAD Build/obj/stm32g0xx_hal_pwr.o
LOAD Build/obj/stm32g0xx_hal_pwr_ex.o
LOAD Build/obj/stm32g0xx_hal_rcc_ex.o
LOAD Build/obj/stm32g0xx_hal_iwdg.o
LOAD Build/obj/hel_lcd.o
LOAD Build/obj/app_bsp.o
LOAD Build/obj/stm32g0xx_hal_spi.o
LOAD Build/obj/app_display.o
LOAD Build/obj/stm32g0xx_hal_wwdg.o
LOAD Build/obj/hil_queue.o
LOAD Build/obj/scheduler.o
LOAD Build/obj/stm32g0xx_hal_rtc_ex.o
START GROUP
LOAD /usr/lib/gcc/arm-none-eabi/12.2.0/thumb/v6-m/nofp/libgcc.a
LOAD /usr/lib/gcc/arm-none-eabi/12.2.0/../../../../arm-none-eabi/lib/thumb/v6-m/nofp/libc_nano.a
END GROUP
START GROUP
LOAD /usr/lib/gcc/arm-none-eabi/12.2.0/thumb/v6-m/nofp/libgcc.a
LOAD /usr/lib/gcc/arm-none-eabi/12.2.0/../../../../arm-none-eabi/lib/thumb/v6-m/nofp/libc_nano.a
LOAD /usr/lib/gcc/arm-none-eabi/12.2.0/../../../../arm-none-eabi/lib/thumb/v6-m/nofp/librdimon_nano.a
END GROUP
START GROUP
LOAD /usr/lib/gcc/arm-none-eabi/12.2.0/thumb/v6-m/nofp/libgcc.a
LOAD /usr/lib/gcc/arm-none-eabi/12.2.0/../../../../arm-none-eabi/lib/thumb/v6-m/nofp/libc_nano.a
LOAD /usr/lib/gcc/arm-none-eabi/12.2.0/../../../../arm-none-eabi/lib/thumb/v6-m/nofp/librdimon_nano.a
END GROUP
LOAD /usr/lib/gcc/arm-none-eabi/12.2.0/thumb/v6-m/nofp/crtend.o
LOAD /usr/lib/gcc/arm-none-eabi/12.2.0/thumb/v6-m/nofp/crtn.o
                0x0000000020024000                _estack = (ORIGIN (RAM) + LENGTH (RAM))
                0x0000000000000200                _Min_Heap_Size = 0x200
                0x0000000000000400                _Min_Stack_Size = 0x400

.isr_vector     0x0000000008000000       0xbc
                0x0000000008000000                . = ALIGN (0x4)
 *(.isr_vector)
 .isr_vector    0x0000000008000000       0xbc Build/obj/startup_stm32g0b1xx.o
                0x0000000008000000                g_pfnVectors
                0x00000000080000bc                . = ALIGN (0x4)

.text           0x00000000080000bc     0x6264
                0x00000000080000bc                . = ALIGN (0x4)
 *(.text)
 .text          0x00000000080000bc       0x8c /usr/lib/gcc/arm-none-eabi/12.2.0/thumb/v6-m/nofp/libgcc.a(_udivsi3.o)
                0x00000000080000bc                __udivsi3
                0x00000000080000bc                __aeabi_uidiv
                0x0000000008000134                __aeabi_uidivmod
 .text          0x0000000008000148       0xa8 /usr/lib/gcc/arm-none-eabi/12.2.0/thumb/v6-m/nofp/libgcc.a(_divsi3.o)
                0x0000000008000148                __aeabi_idiv
                0x0000000008000148                __divsi3
                0x00000000080001dc                __aeabi_idivmod
 .text          0x00000000080001f0        0x4 /usr/lib/gcc/arm-none-eabi/12.2.0/thumb/v6-m/nofp/libgcc.a(_dvmd_tls.o)
                0x00000000080001f0                __aeabi_ldiv0
                0x00000000080001f0                __aeabi_idiv0
 .text          0x00000000080001f4        0xe /usr/lib/gcc/arm-none-eabi/12.2.0/../../../../arm-none-eabi/lib/thumb/v6-m/nofp/libc_nano.a(libc_a-strlen.o)
                0x00000000080001f4                strlen
 *(.text*)
 *fill*         0x0000000008000202        0x2 
 .text.__do_global_dtors_aux
                0x0000000008000204       0x28 /usr/lib/gcc/arm-none-eabi/12.2.0/thumb/v6-m/nofp/crtbegin.o
 .text.frame_dummy
                0x000000000800022c       0x20 /usr/lib/gcc/arm-none-eabi/12.2.0/thumb/v6-m/nofp/crtbegin.o
 .text.main     0x000000000800024c       0xec Build/obj/main.o
                0x000000000800024c                main
 .text.hearth_init
                0x0000000008000338       0x74 Build/obj/main.o
 .text.hearth_beat
                0x00000000080003ac       0x24 Build/obj/main.o
 .text.dog_init
                0x00000000080003d0       0x48 Build/obj/main.o
 .text.peth_the_dog
                0x0000000008000418       0x20 Build/obj/main.o
 .text.NMI_Handler
                0x0000000008000438        0x4 Build/obj/app_ints.o
                0x0000000008000438                NMI_Handler
 .text.HardFault_Handler
                0x000000000800043c        0x4 Build/obj/app_ints.o
                0x000000000800043c                HardFault_Handler
 .text.SVC_Handler
                0x0000000008000440        0x4 Build/obj/app_ints.o
                0x0000000008000440                SVC_Handler
 .text.PendSV_Handler
                0x0000000008000444        0x4 Build/obj/app_ints.o
                0x0000000008000444                PendSV_Handler
 .text.SysTick_Handler
                0x0000000008000448        0xa Build/obj/app_ints.o
                0x0000000008000448                SysTick_Handler
 .text.EXTI4_15_IRQHandler
                0x0000000008000452        0xc Build/obj/app_ints.o
                0x0000000008000452                EXTI4_15_IRQHandler
 *fill*         0x000000000800045e        0x2 
 .text.TIM16_FDCAN_IT0_IRQHandler
                0x0000000008000460       0x14 Build/obj/app_ints.o
                0x0000000008000460                TIM16_FDCAN_IT0_IRQHandler
 .text.RTC_TAMP_IRQHandler
                0x0000000008000474       0x14 Build/obj/app_ints.o
                0x0000000008000474                RTC_TAMP_IRQHandler
 .text.HAL_MspInit
                0x0000000008000488      0x158 Build/obj/app_msps.o
                0x0000000008000488                HAL_MspInit
 .text.HAL_FDCAN_MspInit
                0x00000000080005e0       0x84 Build/obj/app_msps.o
                0x00000000080005e0                HAL_FDCAN_MspInit
 .text.HAL_RTC_MspInit
                0x0000000008000664      0x104 Build/obj/app_msps.o
                0x0000000008000664                HAL_RTC_MspInit
 .text.HAL_SPI_MspInit
                0x0000000008000768       0x74 Build/obj/app_msps.o
                0x0000000008000768                HAL_SPI_MspInit
 .text.HEL_LCD_MspInit
                0x00000000080007dc       0xcc Build/obj/app_msps.o
                0x00000000080007dc                HEL_LCD_MspInit
 .text.HAL_WWDG_MspInit
                0x00000000080008a8       0x38 Build/obj/app_msps.o
                0x00000000080008a8                HAL_WWDG_MspInit
 .text.Reset_Handler
                0x00000000080008e0       0x50 Build/obj/startup_stm32g0b1xx.o
                0x00000000080008e0                Reset_Handler
 .text.Default_Handler
                0x0000000008000930        0x2 Build/obj/startup_stm32g0b1xx.o
                0x0000000008000930                I2C2_3_IRQHandler
                0x0000000008000930                USART3_4_5_6_LPUART1_IRQHandler
                0x0000000008000930                TIM1_CC_IRQHandler
                0x0000000008000930                ADC1_COMP_IRQHandler
                0x0000000008000930                I2C1_IRQHandler
                0x0000000008000930                TIM7_LPTIM2_IRQHandler
                0x0000000008000930                TIM17_FDCAN_IT1_IRQHandler
                0x0000000008000930                DMA1_Ch4_7_DMA2_Ch1_5_DMAMUX1_OVR_IRQHandler
                0x0000000008000930                RCC_CRS_IRQHandler
                0x0000000008000930                SPI1_IRQHandler
                0x0000000008000930                USB_UCPD1_2_IRQHandler
                0x0000000008000930                EXTI2_3_IRQHandler
                0x0000000008000930                USART2_LPUART2_IRQHandler
                0x0000000008000930                PVD_VDDIO2_IRQHandler
                0x0000000008000930                DMA1_Channel1_IRQHandler
                0x0000000008000930                Default_Handler
                0x0000000008000930                CEC_IRQHandler
                0x0000000008000930                TIM14_IRQHandler
                0x0000000008000930                TIM15_IRQHandler
                0x0000000008000930                TIM3_TIM4_IRQHandler
                0x0000000008000930                EXTI0_1_IRQHandler
                0x0000000008000930                SPI2_3_IRQHandler
                0x0000000008000930                TIM6_DAC_LPTIM1_IRQHandler
                0x0000000008000930                WWDG_IRQHandler
                0x0000000008000930                TIM2_IRQHandler
                0x0000000008000930                DMA1_Channel2_3_IRQHandler
                0x0000000008000930                FLASH_IRQHandler
                0x0000000008000930                USART1_IRQHandler
                0x0000000008000930                TIM1_BRK_UP_TRG_COM_IRQHandler
 .text.SystemInit
                0x0000000008000932        0x4 Build/obj/system_stm32g0xx.o
                0x0000000008000932                SystemInit
 *fill*         0x0000000008000936        0x2 
 .text.HAL_Init
                0x0000000008000938       0x44 Build/obj/stm32g0xx_hal.o
                0x0000000008000938                HAL_Init
 .text.HAL_InitTick
                0x000000000800097c       0x90 Build/obj/stm32g0xx_hal.o
                0x000000000800097c                HAL_InitTick
 .text.HAL_IncTick
                0x0000000008000a0c       0x1c Build/obj/stm32g0xx_hal.o
                0x0000000008000a0c                HAL_IncTick
 .text.HAL_GetTick
                0x0000000008000a28        0xc Build/obj/stm32g0xx_hal.o
                0x0000000008000a28                HAL_GetTick
 .text.HAL_Delay
                0x0000000008000a34       0x44 Build/obj/stm32g0xx_hal.o
                0x0000000008000a34                HAL_Delay
 .text.__NVIC_EnableIRQ
                0x0000000008000a78       0x34 Build/obj/stm32g0xx_hal_cortex.o
 .text.__NVIC_DisableIRQ
                0x0000000008000aac       0x44 Build/obj/stm32g0xx_hal_cortex.o
 .text.__NVIC_SetPriority
                0x0000000008000af0       0xec Build/obj/stm32g0xx_hal_cortex.o
 .text.SysTick_Config
                0x0000000008000bdc       0x44 Build/obj/stm32g0xx_hal_cortex.o
 .text.HAL_NVIC_SetPriority
                0x0000000008000c20       0x28 Build/obj/stm32g0xx_hal_cortex.o
                0x0000000008000c20                HAL_NVIC_SetPriority
 .text.HAL_NVIC_EnableIRQ
                0x0000000008000c48       0x20 Build/obj/stm32g0xx_hal_cortex.o
                0x0000000008000c48                HAL_NVIC_EnableIRQ
 .text.HAL_NVIC_DisableIRQ
                0x0000000008000c68       0x20 Build/obj/stm32g0xx_hal_cortex.o
                0x0000000008000c68                HAL_NVIC_DisableIRQ
 .text.HAL_SYSTICK_Config
                0x0000000008000c88       0x16 Build/obj/stm32g0xx_hal_cortex.o
                0x0000000008000c88                HAL_SYSTICK_Config
 *fill*         0x0000000008000c9e        0x2 
 .text.HAL_RCC_OscConfig
                0x0000000008000ca0      0x6bc Build/obj/stm32g0xx_hal_rcc.o
                0x0000000008000ca0                HAL_RCC_OscConfig
 .text.HAL_RCC_ClockConfig
                0x000000000800135c      0x20c Build/obj/stm32g0xx_hal_rcc.o
                0x000000000800135c                HAL_RCC_ClockConfig
 .text.HAL_RCC_GetSysClockFreq
                0x0000000008001568      0x100 Build/obj/stm32g0xx_hal_rcc.o
                0x0000000008001568                HAL_RCC_GetSysClockFreq
 .text.HAL_GPIO_Init
                0x0000000008001668      0x2d4 Build/obj/stm32g0xx_hal_gpio.o
                0x0000000008001668                HAL_GPIO_Init
 .text.HAL_GPIO_WritePin
                0x000000000800193c       0x3e Build/obj/stm32g0xx_hal_gpio.o
                0x000000000800193c                HAL_GPIO_WritePin
 .text.HAL_GPIO_TogglePin
                0x000000000800197a       0x36 Build/obj/stm32g0xx_hal_gpio.o
                0x000000000800197a                HAL_GPIO_TogglePin
 .text.HAL_GPIO_EXTI_IRQHandler
                0x00000000080019b0       0x60 Build/obj/stm32g0xx_hal_gpio.o
                0x00000000080019b0                HAL_GPIO_EXTI_IRQHandler
 .text.HAL_FDCAN_Init
                0x0000000008001a10      0x2c8 Build/obj/stm32g0xx_hal_fdcan.o
                0x0000000008001a10                HAL_FDCAN_Init
 .text.HAL_FDCAN_ConfigFilter
                0x0000000008001cd8       0xb6 Build/obj/stm32g0xx_hal_fdcan.o
                0x0000000008001cd8                HAL_FDCAN_ConfigFilter
 .text.HAL_FDCAN_ConfigGlobalFilter
                0x0000000008001d8e       0x5a Build/obj/stm32g0xx_hal_fdcan.o
                0x0000000008001d8e                HAL_FDCAN_ConfigGlobalFilter
 .text.HAL_FDCAN_Start
                0x0000000008001de8       0x46 Build/obj/stm32g0xx_hal_fdcan.o
                0x0000000008001de8                HAL_FDCAN_Start
 .text.HAL_FDCAN_AddMessageToTxFifoQ
                0x0000000008001e2e       0x86 Build/obj/stm32g0xx_hal_fdcan.o
                0x0000000008001e2e                HAL_FDCAN_AddMessageToTxFifoQ
 .text.HAL_FDCAN_GetRxMessage
                0x0000000008001eb4      0x1c0 Build/obj/stm32g0xx_hal_fdcan.o
                0x0000000008001eb4                HAL_FDCAN_GetRxMessage
 .text.HAL_FDCAN_ActivateNotification
                0x0000000008002074      0x1a8 Build/obj/stm32g0xx_hal_fdcan.o
                0x0000000008002074                HAL_FDCAN_ActivateNotification
 .text.HAL_FDCAN_IRQHandler
                0x000000000800221c      0x266 Build/obj/stm32g0xx_hal_fdcan.o
                0x000000000800221c                HAL_FDCAN_IRQHandler
 .text.HAL_FDCAN_TxEventFifoCallback
                0x0000000008002482        0xc Build/obj/stm32g0xx_hal_fdcan.o
                0x0000000008002482                HAL_FDCAN_TxEventFifoCallback
 .text.HAL_FDCAN_RxFifo1Callback
                0x000000000800248e        0xc Build/obj/stm32g0xx_hal_fdcan.o
                0x000000000800248e                HAL_FDCAN_RxFifo1Callback
 .text.HAL_FDCAN_TxFifoEmptyCallback
                0x000000000800249a        0xa Build/obj/stm32g0xx_hal_fdcan.o
                0x000000000800249a                HAL_FDCAN_TxFifoEmptyCallback
 .text.HAL_FDCAN_TxBufferCompleteCallback
                0x00000000080024a4        0xc Build/obj/stm32g0xx_hal_fdcan.o
                0x00000000080024a4                HAL_FDCAN_TxBufferCompleteCallback
 .text.HAL_FDCAN_TxBufferAbortCallback
                0x00000000080024b0        0xc Build/obj/stm32g0xx_hal_fdcan.o
                0x00000000080024b0                HAL_FDCAN_TxBufferAbortCallback
 .text.HAL_FDCAN_TimestampWraparoundCallback
                0x00000000080024bc        0xa Build/obj/stm32g0xx_hal_fdcan.o
                0x00000000080024bc                HAL_FDCAN_TimestampWraparoundCallback
 .text.HAL_FDCAN_TimeoutOccurredCallback
                0x00000000080024c6        0xa Build/obj/stm32g0xx_hal_fdcan.o
                0x00000000080024c6                HAL_FDCAN_TimeoutOccurredCallback
 .text.HAL_FDCAN_HighPriorityMessageCallback
                0x00000000080024d0        0xa Build/obj/stm32g0xx_hal_fdcan.o
                0x00000000080024d0                HAL_FDCAN_HighPriorityMessageCallback
 .text.HAL_FDCAN_ErrorCallback
                0x00000000080024da        0xa Build/obj/stm32g0xx_hal_fdcan.o
                0x00000000080024da                HAL_FDCAN_ErrorCallback
 .text.HAL_FDCAN_ErrorStatusCallback
                0x00000000080024e4        0xc Build/obj/stm32g0xx_hal_fdcan.o
                0x00000000080024e4                HAL_FDCAN_ErrorStatusCallback
 .text.FDCAN_CalcultateRamBlockAddresses
                0x00000000080024f0       0xd4 Build/obj/stm32g0xx_hal_fdcan.o
 .text.FDCAN_CopyMessageToRAM
                0x00000000080025c4       0xf0 Build/obj/stm32g0xx_hal_fdcan.o
 .text.HAL_TIM_Base_Init
                0x00000000080026b4       0xac Build/obj/stm32g0xx_hal_tim.o
                0x00000000080026b4                HAL_TIM_Base_Init
 .text.HAL_TIM_Base_MspInit
                0x0000000008002760        0xa Build/obj/stm32g0xx_hal_tim.o
                0x0000000008002760                HAL_TIM_Base_MspInit
 *fill*         0x000000000800276a        0x2 
 .text.HAL_TIM_Base_Start
                0x000000000800276c       0xb0 Build/obj/stm32g0xx_hal_tim.o
                0x000000000800276c                HAL_TIM_Base_Start
 .text.HAL_TIM_Base_Stop
                0x000000000800281c       0x44 Build/obj/stm32g0xx_hal_tim.o
                0x000000000800281c                HAL_TIM_Base_Stop
 .text.TIM_Base_SetConfig
                0x0000000008002860      0x110 Build/obj/stm32g0xx_hal_tim.o
                0x0000000008002860                TIM_Base_SetConfig
 .text.Serial_Init
                0x0000000008002970      0x134 Build/obj/app_serial.o
                0x0000000008002970                Serial_Init
 .text.CanTp_SingleFrameTx
                0x0000000008002aa4       0x34 Build/obj/app_serial.o
 .text.CanTp_SingleFrameRx
                0x0000000008002ad8       0x3c Build/obj/app_serial.o
 .text.HAL_FDCAN_RxFifo0Callback
                0x0000000008002b14       0x54 Build/obj/app_serial.o
                0x0000000008002b14                HAL_FDCAN_RxFifo0Callback
 .text.bcd_to_decimal
                0x0000000008002b68       0x30 Build/obj/app_serial.o
 .text.date_validation
                0x0000000008002b98       0x74 Build/obj/app_serial.o
 .text.Do_Nothing
                0x0000000008002c0c        0xa Build/obj/app_serial.o
 .text.Time_Config_IsValid
                0x0000000008002c16       0x7c Build/obj/app_serial.o
 *fill*         0x0000000008002c92        0x2 
 .text.Time_Config
                0x0000000008002c94       0xbc Build/obj/app_serial.o
 .text.Date_Config
                0x0000000008002d50      0x11c Build/obj/app_serial.o
 .text.Alarm_Config_IsValid
                0x0000000008002e6c       0x5e Build/obj/app_serial.o
 *fill*         0x0000000008002eca        0x2 
 .text.Alarm_Config
                0x0000000008002ecc       0xa8 Build/obj/app_serial.o
 .text.Ok_Msg_Acknowledge
                0x0000000008002f74       0x28 Build/obj/app_serial.o
 .text.Error_Msg_Acknowledge
                0x0000000008002f9c       0x28 Build/obj/app_serial.o
 .text.Serial_Task
                0x0000000008002fc4       0x68 Build/obj/app_serial.o
                0x0000000008002fc4                Serial_Task
 .text.HAL_GPIO_EXTI_Falling_Callback
                0x000000000800302c       0x8c Build/obj/app_clock.o
                0x000000000800302c                HAL_GPIO_EXTI_Falling_Callback
 .text.HAL_GPIO_EXTI_Rising_Callback
                0x00000000080030b8       0x34 Build/obj/app_clock.o
                0x00000000080030b8                HAL_GPIO_EXTI_Rising_Callback
 .text.HAL_RTC_AlarmAEventCallback
                0x00000000080030ec       0x14 Build/obj/app_clock.o
                0x00000000080030ec                HAL_RTC_AlarmAEventCallback
 .text.Clock_DisplayAlarm
                0x0000000008003100       0xa4 Build/obj/app_clock.o
 .text.RunAlarm
                0x00000000080031a4       0x6c Build/obj/app_clock.o
 .text.One_Secon_TimerCallback
                0x0000000008003210       0x98 Build/obj/app_clock.o
                0x0000000008003210                One_Secon_TimerCallback
 .text.leap     0x00000000080032a8       0x3a Build/obj/app_clock.o
                0x00000000080032a8                leap
 .text.zeller   0x00000000080032e2       0x72 Build/obj/app_clock.o
 .text.Day_Of_Week
                0x0000000008003354       0x2a Build/obj/app_clock.o
 .text.Clock_Do_Nothing
                0x000000000800337e        0xa Build/obj/app_clock.o
 .text.Clock_Display_Func
                0x0000000008003388       0xb8 Build/obj/app_clock.o
 .text.Clock_Time_Config
                0x0000000008003440       0xc0 Build/obj/app_clock.o
 .text.Clock_Date_Config
                0x0000000008003500       0xc4 Build/obj/app_clock.o
 .text.Clock_Alarm_Config
                0x00000000080035c4       0xc8 Build/obj/app_clock.o
 .text.Clock_Alarm_Deactive
                0x000000000800368c       0x44 Build/obj/app_clock.o
 .text.Clock_Alarm_Active
                0x00000000080036d0       0x40 Build/obj/app_clock.o
 .text.Clock_Init
                0x0000000008003710       0x6c Build/obj/app_clock.o
                0x0000000008003710                Clock_Init
 .text.Clock_Task
                0x000000000800377c       0x68 Build/obj/app_clock.o
                0x000000000800377c                Clock_Task
 .text.HAL_RTC_Init
                0x00000000080037e4      0x144 Build/obj/stm32g0xx_hal_rtc.o
                0x00000000080037e4                HAL_RTC_Init
 .text.HAL_RTC_SetTime
                0x0000000008003928      0x150 Build/obj/stm32g0xx_hal_rtc.o
                0x0000000008003928                HAL_RTC_SetTime
 .text.HAL_RTC_GetTime
                0x0000000008003a78       0xb4 Build/obj/stm32g0xx_hal_rtc.o
                0x0000000008003a78                HAL_RTC_GetTime
 .text.HAL_RTC_SetDate
                0x0000000008003b2c      0x124 Build/obj/stm32g0xx_hal_rtc.o
                0x0000000008003b2c                HAL_RTC_SetDate
 .text.HAL_RTC_GetDate
                0x0000000008003c50       0x98 Build/obj/stm32g0xx_hal_rtc.o
                0x0000000008003c50                HAL_RTC_GetDate
 .text.HAL_RTC_SetAlarm_IT
                0x0000000008003ce8      0x27c Build/obj/stm32g0xx_hal_rtc.o
                0x0000000008003ce8                HAL_RTC_SetAlarm_IT
 .text.HAL_RTC_DeactivateAlarm
                0x0000000008003f64      0x13c Build/obj/stm32g0xx_hal_rtc.o
                0x0000000008003f64                HAL_RTC_DeactivateAlarm
 .text.HAL_RTC_GetAlarm
                0x00000000080040a0      0x188 Build/obj/stm32g0xx_hal_rtc.o
                0x00000000080040a0                HAL_RTC_GetAlarm
 .text.HAL_RTC_AlarmIRQHandler
                0x0000000008004228       0x78 Build/obj/stm32g0xx_hal_rtc.o
                0x0000000008004228                HAL_RTC_AlarmIRQHandler
 .text.HAL_RTC_WaitForSynchro
                0x00000000080042a0       0x4a Build/obj/stm32g0xx_hal_rtc.o
                0x00000000080042a0                HAL_RTC_WaitForSynchro
 .text.RTC_EnterInitMode
                0x00000000080042ea       0x84 Build/obj/stm32g0xx_hal_rtc.o
                0x00000000080042ea                RTC_EnterInitMode
 *fill*         0x000000000800436e        0x2 
 .text.RTC_ExitInitMode
                0x0000000008004370       0x88 Build/obj/stm32g0xx_hal_rtc.o
                0x0000000008004370                RTC_ExitInitMode
 .text.RTC_ByteToBcd2
                0x00000000080043f8       0x52 Build/obj/stm32g0xx_hal_rtc.o
                0x00000000080043f8                RTC_ByteToBcd2
 .text.RTC_Bcd2ToByte
                0x000000000800444a       0x3a Build/obj/stm32g0xx_hal_rtc.o
                0x000000000800444a                RTC_Bcd2ToByte
 .text.HAL_PWR_EnableBkUpAccess
                0x0000000008004484       0x18 Build/obj/stm32g0xx_hal_pwr.o
                0x0000000008004484                HAL_PWR_EnableBkUpAccess
 .text.HAL_PWREx_ControlVoltageScaling
                0x000000000800449c       0x7c Build/obj/stm32g0xx_hal_pwr_ex.o
                0x000000000800449c                HAL_PWREx_ControlVoltageScaling
 .text.HAL_RCCEx_PeriphCLKConfig
                0x0000000008004518      0x478 Build/obj/stm32g0xx_hal_rcc_ex.o
                0x0000000008004518                HAL_RCCEx_PeriphCLKConfig
 .text.HEL_LCD_Init
                0x0000000008004990       0xe8 Build/obj/hel_lcd.o
                0x0000000008004990                HEL_LCD_Init
 .text.HEL_LCD_Command
                0x0000000008004a78       0x62 Build/obj/hel_lcd.o
                0x0000000008004a78                HEL_LCD_Command
 .text.HEL_LCD_Data
                0x0000000008004ada       0x62 Build/obj/hel_lcd.o
                0x0000000008004ada                HEL_LCD_Data
 .text.HEL_LCD_String
                0x0000000008004b3c       0x44 Build/obj/hel_lcd.o
                0x0000000008004b3c                HEL_LCD_String
 .text.HEL_LCD_SetCursor
                0x0000000008004b80       0x82 Build/obj/hel_lcd.o
                0x0000000008004b80                HEL_LCD_SetCursor
 .text.HEL_LCD_Backlight
                0x0000000008004c02       0x2a Build/obj/hel_lcd.o
                0x0000000008004c02                HEL_LCD_Backlight
 .text.HEL_LCD_Clear
                0x0000000008004c2c       0x1c Build/obj/hel_lcd.o
                0x0000000008004c2c                HEL_LCD_Clear
 .text.Delay_us_Init
                0x0000000008004c48       0x50 Build/obj/app_bsp.o
                0x0000000008004c48                Delay_us_Init
 .text.Delay_us
                0x0000000008004c98       0x40 Build/obj/app_bsp.o
                0x0000000008004c98                Delay_us
 .text.HAL_SPI_Init
                0x0000000008004cd8      0x16c Build/obj/stm32g0xx_hal_spi.o
                0x0000000008004cd8                HAL_SPI_Init
 .text.HAL_SPI_Transmit
                0x0000000008004e44      0x2b6 Build/obj/stm32g0xx_hal_spi.o
                0x0000000008004e44                HAL_SPI_Transmit
 *fill*         0x00000000080050fa        0x2 
 .text.SPI_WaitFlagStateUntilTimeout
                0x00000000080050fc      0x11c Build/obj/stm32g0xx_hal_spi.o
 .text.SPI_WaitFifoStateUntilTimeout
                0x0000000008005218      0x140 Build/obj/stm32g0xx_hal_spi.o
 .text.SPI_EndRxTxTransaction
                0x0000000008005358       0x88 Build/obj/stm32g0xx_hal_spi.o
 .text.AlarmFormat
                0x00000000080053e0       0xc8 Build/obj/app_display.o
 .text.TimeFormat
                0x00000000080054a8      0x124 Build/obj/app_display.o
 .text.DateFormat
                0x00000000080055cc      0x154 Build/obj/app_display.o
 .text.display_Init
                0x0000000008005720       0xb4 Build/obj/app_display.o
                0x0000000008005720                display_Init
 .text.Display_TimeStr_Processing
                0x00000000080057d4       0x34 Build/obj/app_display.o
 .text.Display_DateStr_Processing
                0x0000000008005808       0x34 Build/obj/app_display.o
 .text.Display_Lcd_Write
                0x000000000800583c       0xb0 Build/obj/app_display.o
 .text.Display_Alamr_Active
                0x00000000080058ec       0x74 Build/obj/app_display.o
 .text.Display_Alarm_Set
                0x0000000008005960       0xa0 Build/obj/app_display.o
 .text.Display_Alarm_No_Set
                0x0000000008005a00       0x7c Build/obj/app_display.o
 .text.Display_Do_Nothing
                0x0000000008005a7c        0xa Build/obj/app_display.o
 *fill*         0x0000000008005a86        0x2 
 .text.display_Task
                0x0000000008005a88       0x6c Build/obj/app_display.o
                0x0000000008005a88                display_Task
 .text.HAL_WWDG_Init
                0x0000000008005af4       0x46 Build/obj/stm32g0xx_hal_wwdg.o
                0x0000000008005af4                HAL_WWDG_Init
 .text.HAL_WWDG_Refresh
                0x0000000008005b3a       0x16 Build/obj/stm32g0xx_hal_wwdg.o
                0x0000000008005b3a                HAL_WWDG_Refresh
 .text.HIL_QUEUE_Init
                0x0000000008005b50       0x28 Build/obj/hil_queue.o
                0x0000000008005b50                HIL_QUEUE_Init
 .text.HIL_QUEUE_IsEmpty
                0x0000000008005b78        0xe Build/obj/hil_queue.o
                0x0000000008005b78                HIL_QUEUE_IsEmpty
 .text.HIL_QUEUE_IsFull
                0x0000000008005b86        0xe Build/obj/hil_queue.o
                0x0000000008005b86                HIL_QUEUE_IsFull
 .text.HIL_QUEUE_Write
                0x0000000008005b94       0x94 Build/obj/hil_queue.o
                0x0000000008005b94                HIL_QUEUE_Write
 .text.HIL_QUEUE_Read
                0x0000000008005c28       0x9c Build/obj/hil_queue.o
                0x0000000008005c28                HIL_QUEUE_Read
 .text.HIL_QUEUE_WriteISR
                0x0000000008005cc4       0x4a Build/obj/hil_queue.o
                0x0000000008005cc4                HIL_QUEUE_WriteISR
 .text.HIL_QUEUE_IsEmptyISR
                0x0000000008005d0e       0x46 Build/obj/hil_queue.o
                0x0000000008005d0e                HIL_QUEUE_IsEmptyISR
 .text.HIL_SCHEDULER_RegisterTimer
                0x0000000008005d54       0x6a Build/obj/scheduler.o
                0x0000000008005d54                HIL_SCHEDULER_RegisterTimer
 *fill*         0x0000000008005dbe        0x2 
 .text.HIL_SCHEDULER_StartTimer
                0x0000000008005dc0       0x70 Build/obj/scheduler.o
                0x0000000008005dc0                HIL_SCHEDULER_StartTimer
 .text.HIL_SCHEDULER_Init
                0x0000000008005e30       0xe0 Build/obj/scheduler.o
                0x0000000008005e30                HIL_SCHEDULER_Init
 .text.HIL_SCHEDULER_RegisterTask
                0x0000000008005f10       0x94 Build/obj/scheduler.o
                0x0000000008005f10                HIL_SCHEDULER_RegisterTask
 .text.HIL_SCHEDULER_StopTask
                0x0000000008005fa4       0x3e Build/obj/scheduler.o
                0x0000000008005fa4                HIL_SCHEDULER_StopTask
 .text.HIL_SCHEDULER_StartTask
                0x0000000008005fe2       0x3e Build/obj/scheduler.o
                0x0000000008005fe2                HIL_SCHEDULER_StartTask
 .text.HIL_SCHEDULER_Start
                0x0000000008006020      0x1ac Build/obj/scheduler.o
                0x0000000008006020                HIL_SCHEDULER_Start
 .text.HAL_RTCEx_AlarmBEventCallback
                0x00000000080061cc        0xa Build/obj/stm32g0xx_hal_rtc_ex.o
                0x00000000080061cc                HAL_RTCEx_AlarmBEventCallback
 .text.__itoa   0x00000000080061d6       0x30 /usr/lib/gcc/arm-none-eabi/12.2.0/../../../../arm-none-eabi/lib/thumb/v6-m/nofp/libc_nano.a(libc_a-itoa.o)
                0x00000000080061d6                __itoa
 *fill*         0x0000000008006206        0x2 
 .text.__utoa   0x0000000008006208       0x68 /usr/lib/gcc/arm-none-eabi/12.2.0/../../../../arm-none-eabi/lib/thumb/v6-m/nofp/libc_nano.a(libc_a-utoa.o)
                0x0000000008006208                __utoa
 .text.memset   0x0000000008006270       0x10 /usr/lib/gcc/arm-none-eabi/12.2.0/../../../../arm-none-eabi/lib/thumb/v6-m/nofp/libc_nano.a(libc_a-memset.o)
                0x0000000008006270                memset
 .text.strcat   0x0000000008006280       0x1a /usr/lib/gcc/arm-none-eabi/12.2.0/../../../../arm-none-eabi/lib/thumb/v6-m/nofp/libc_nano.a(libc_a-strcat.o)
                0x0000000008006280                strcat
 *fill*         0x000000000800629a        0x2 
 .text.__libc_init_array
                0x000000000800629c       0x48 /usr/lib/gcc/arm-none-eabi/12.2.0/../../../../arm-none-eabi/lib/thumb/v6-m/nofp/libc_nano.a(libc_a-init.o)
                0x000000000800629c                __libc_init_array
 .text.strcpy   0x00000000080062e4       0x10 /usr/lib/gcc/arm-none-eabi/12.2.0/../../../../arm-none-eabi/lib/thumb/v6-m/nofp/libc_nano.a(libc_a-strcpy.o)
                0x00000000080062e4                strcpy
 .text.memcpy   0x00000000080062f4       0x12 /usr/lib/gcc/arm-none-eabi/12.2.0/../../../../arm-none-eabi/lib/thumb/v6-m/nofp/libc_nano.a(libc_a-memcpy-stub.o)
                0x00000000080062f4                memcpy
 *(.glue_7)
 .glue_7        0x0000000008006306        0x0 linker stubs
 *(.glue_7t)
 .glue_7t       0x0000000008006306        0x0 linker stubs
 *(.eh_frame)
 *fill*         0x0000000008006306        0x2 
 .eh_frame      0x0000000008006308        0x0 /usr/lib/gcc/arm-none-eabi/12.2.0/thumb/v6-m/nofp/crtbegin.o
 *(.init)
 .init          0x0000000008006308        0x4 /usr/lib/gcc/arm-none-eabi/12.2.0/thumb/v6-m/nofp/crti.o
                0x0000000008006308                _init
 .init          0x000000000800630c        0x8 /usr/lib/gcc/arm-none-eabi/12.2.0/thumb/v6-m/nofp/crtn.o
 *(.fini)
 .fini          0x0000000008006314        0x4 /usr/lib/gcc/arm-none-eabi/12.2.0/thumb/v6-m/nofp/crti.o
                0x0000000008006314                _fini
 .fini          0x0000000008006318        0x8 /usr/lib/gcc/arm-none-eabi/12.2.0/thumb/v6-m/nofp/crtn.o
                0x0000000008006320                . = ALIGN (0x4)
                0x0000000008006320                _etext = .

.vfp11_veneer   0x0000000008006320        0x0
 .vfp11_veneer  0x0000000008006320        0x0 linker stubs

.v4_bx          0x0000000008006320        0x0
 .v4_bx         0x0000000008006320        0x0 linker stubs

.iplt           0x0000000008006320        0x0
 .iplt          0x0000000008006320        0x0 /usr/lib/gcc/arm-none-eabi/12.2.0/thumb/v6-m/nofp/crtbegin.o

.rodata         0x0000000008006320      0x22c
                0x0000000008006320                . = ALIGN (0x4)
 *(.rodata)
 .rodata        0x0000000008006320        0xc Build/obj/app_serial.o
 .rodata        0x000000000800632c       0xff Build/obj/app_display.o
 *(.rodata*)
 *fill*         0x000000000800642b        0x1 
 .rodata.AHBPrescTable
                0x000000000800642c       0x40 Build/obj/system_stm32g0xx.o
                0x000000000800642c                AHBPrescTable
 .rodata.DLCtoBytes
                0x000000000800646c       0x10 Build/obj/stm32g0xx_hal_fdcan.o
 .rodata.Events_Machine.0
                0x000000000800647c       0x30 Build/obj/app_serial.o
 .rodata.Clock_EventsMachine.0
                0x00000000080064ac       0x40 Build/obj/app_clock.o
 .rodata.Display_EventsMachine.0
                0x00000000080064ec       0x38 Build/obj/app_display.o
 .rodata.__utoa.str1.1
                0x0000000008006524       0x25 /usr/lib/gcc/arm-none-eabi/12.2.0/../../../../arm-none-eabi/lib/thumb/v6-m/nofp/libc_nano.a(libc_a-utoa.o)
                0x000000000800654c                . = ALIGN (0x4)
 *fill*         0x0000000008006549        0x3 

.rel.dyn        0x000000000800654c        0x0
 .rel.iplt      0x000000000800654c        0x0 /usr/lib/gcc/arm-none-eabi/12.2.0/thumb/v6-m/nofp/crtbegin.o

.ARM.extab      0x000000000800654c        0x0
                0x000000000800654c                . = ALIGN (0x4)
 *(.ARM.extab* .gnu.linkonce.armextab.*)
                0x000000000800654c                . = ALIGN (0x4)

.ARM            0x000000000800654c        0x0
                0x000000000800654c                . = ALIGN (0x4)
                0x000000000800654c                __exidx_start = .
 *(.ARM.exidx*)
                0x000000000800654c                __exidx_end = .
                0x000000000800654c                . = ALIGN (0x4)

.preinit_array  0x000000000800654c        0x0
                0x000000000800654c                . = ALIGN (0x4)
                0x000000000800654c                PROVIDE (__preinit_array_start = .)
 *(.preinit_array*)
                0x000000000800654c                PROVIDE (__preinit_array_end = .)
                0x000000000800654c                . = ALIGN (0x4)

.init_array     0x000000000800654c        0x4
                0x000000000800654c                . = ALIGN (0x4)
                0x000000000800654c                PROVIDE (__init_array_start = .)
 *(SORT_BY_NAME(.init_array.*))
 *(.init_array*)
 .init_array    0x000000000800654c        0x4 /usr/lib/gcc/arm-none-eabi/12.2.0/thumb/v6-m/nofp/crtbegin.o
                0x0000000008006550                PROVIDE (__init_array_end = .)
                0x0000000008006550                . = ALIGN (0x4)

.fini_array     0x0000000008006550        0x4
                0x0000000008006550                . = ALIGN (0x4)
                0x0000000008006550                PROVIDE (__fini_array_start = .)
 *(SORT_BY_NAME(.fini_array.*))
 *(.fini_array*)
 .fini_array    0x0000000008006550        0x4 /usr/lib/gcc/arm-none-eabi/12.2.0/thumb/v6-m/nofp/crtbegin.o
                0x0000000008006554                PROVIDE (__fini_array_end = .)
                0x0000000008006554                . = ALIGN (0x4)
                0x0000000008006554                _sidata = LOADADDR (.data)

.data           0x0000000020000000        0xc load address 0x0000000008006554
                0x0000000020000000                . = ALIGN (0x4)
                0x0000000020000000                _sdata = .
 *(.data)
 *(.data*)
 .data.SystemCoreClock
                0x0000000020000000        0x4 Build/obj/system_stm32g0xx.o
                0x0000000020000000                SystemCoreClock
 .data.uwTickPrio
                0x0000000020000004        0x4 Build/obj/stm32g0xx_hal.o
                0x0000000020000004                uwTickPrio
 .data.uwTickFreq
                0x0000000020000008        0x1 Build/obj/stm32g0xx_hal.o
                0x0000000020000008                uwTickFreq
                0x000000002000000c                . = ALIGN (0x4)
 *fill*         0x0000000020000009        0x3 
                0x000000002000000c                _edata = .

.igot.plt       0x000000002000000c        0x0 load address 0x0000000008006560
 .igot.plt      0x000000002000000c        0x0 /usr/lib/gcc/arm-none-eabi/12.2.0/thumb/v6-m/nofp/crtbegin.o
                0x000000002000000c                . = ALIGN (0x4)

.bss            0x000000002000000c     0x6100
                0x000000002000000c                _sbss = .
                0x000000002000000c                __bss_start__ = _sbss
 *(.bss)
 *(.bss*)
 .bss.completed.1
                0x000000002000000c        0x1 /usr/lib/gcc/arm-none-eabi/12.2.0/thumb/v6-m/nofp/crtbegin.o
 *fill*         0x000000002000000d        0x3 
 .bss.object.0  0x0000000020000010       0x18 /usr/lib/gcc/arm-none-eabi/12.2.0/thumb/v6-m/nofp/crtbegin.o
 .bss.Sche      0x0000000020000028       0x1c Build/obj/main.o
                0x0000000020000028                Sche
 .bss.TimerId   0x0000000020000044        0x4 Build/obj/main.o
                0x0000000020000044                TimerId
 .bss.hearth_tick
                0x0000000020000048        0x4 Build/obj/main.o
 .bss.Wwdg_Handler
                0x000000002000004c       0x14 Build/obj/main.o
 .bss.tasks.1   0x0000000020000060       0x64 Build/obj/main.o
 .bss.timers.0  0x00000000200000c4       0x10 Build/obj/main.o
 .bss.uwTick    0x00000000200000d4        0x4 Build/obj/stm32g0xx_hal.o
                0x00000000200000d4                uwTick
 .bss.Serial_Queue
                0x00000000200000d8       0x1c Build/obj/app_serial.o
                0x00000000200000d8                Serial_Queue
 .bss.CANHandler
                0x00000000200000f4       0x64 Build/obj/app_serial.o
                0x00000000200000f4                CANHandler
 .bss.CANTxHeader
                0x0000000020000158       0x24 Build/obj/app_serial.o
 .bss.bytes_received
                0x000000002000017c        0x1 Build/obj/app_serial.o
                0x000000002000017c                bytes_received
 .bss.date_most_significative_backup
                0x000000002000017d        0x1 Build/obj/app_serial.o
                0x000000002000017d                date_most_significative_backup
 *fill*         0x000000002000017e        0x2 
 .bss.Serial_Buffer.1
                0x0000000020000180       0xb8 Build/obj/app_serial.o
 .bss.AlarmSet  0x0000000020000238        0x1 Build/obj/app_clock.o
 .bss.AlarmActive
                0x0000000020000239        0x1 Build/obj/app_clock.o
 .bss.BtnPush   0x000000002000023a        0x1 Build/obj/app_clock.o
 .bss.DisplayAlarm_Run
                0x000000002000023b        0x1 Build/obj/app_clock.o
 .bss.hrtc      0x000000002000023c       0x2c Build/obj/app_clock.o
                0x000000002000023c                hrtc
 .bss.Clock_Buffer
                0x0000000020000268     0x11f8 Build/obj/app_clock.o
                0x0000000020000268                Clock_Buffer
 .bss.Clock_Queue
                0x0000000020001460       0x1c Build/obj/app_clock.o
                0x0000000020001460                Clock_Queue
 .bss.i.1       0x000000002000147c        0x4 Build/obj/app_clock.o
 .bss.LCDHandler
                0x0000000020001480       0x24 Build/obj/app_display.o
                0x0000000020001480                LCDHandler
 .bss.TIM6_Handler
                0x00000000200014a4       0x4c Build/obj/app_display.o
                0x00000000200014a4                TIM6_Handler
 .bss.SpiHandle
                0x00000000200014f0       0x64 Build/obj/app_display.o
                0x00000000200014f0                SpiHandle
 .bss.Display_Buffer
                0x0000000020001554     0x4b78 Build/obj/app_display.o
                0x0000000020001554                Display_Buffer
 .bss.Display_Queue
                0x00000000200060cc       0x1c Build/obj/app_display.o
                0x00000000200060cc                Display_Queue
 .bss.TimeStr   0x00000000200060e8        0xa Build/obj/app_display.o
 *fill*         0x00000000200060f2        0x2 
 .bss.DateStr   0x00000000200060f4       0x10 Build/obj/app_display.o
 .bss.lcdBacklight_state.1
                0x0000000020006104        0x1 Build/obj/app_display.o
 *fill*         0x0000000020006105        0x3 
 .bss.scheduler_tick.0
                0x0000000020006108        0x4 Build/obj/scheduler.o
 *(COMMON)
                0x000000002000610c                . = ALIGN (0x4)
                0x000000002000610c                _ebss = .
                0x000000002000610c                __bss_end__ = _ebss

._user_heap_stack
                0x000000002000610c      0x604
                0x0000000020006110                . = ALIGN (0x8)
 *fill*         0x000000002000610c        0x4 
                0x0000000020006110                PROVIDE (end = .)
                [!provide]                        PROVIDE (_end = .)
                0x0000000020006310                . = (. + _Min_Heap_Size)
 *fill*         0x0000000020006110      0x200 
                0x0000000020006710                . = (. + _Min_Stack_Size)
 *fill*         0x0000000020006310      0x400 
                0x0000000020006710                . = ALIGN (0x8)

/DISCARD/
 libc.a(*)
 libm.a(*)
 libgcc.a(*)

.ARM.attributes
                0x0000000000000000       0x28
 *(.ARM.attributes)
 .ARM.attributes
                0x0000000000000000       0x1e /usr/lib/gcc/arm-none-eabi/12.2.0/thumb/v6-m/nofp/crti.o
 .ARM.attributes
                0x000000000000001e       0x2c /usr/lib/gcc/arm-none-eabi/12.2.0/thumb/v6-m/nofp/crtbegin.o
 .ARM.attributes
                0x000000000000004a       0x2c Build/obj/main.o
 .ARM.attributes
                0x0000000000000076       0x2c Build/obj/app_ints.o
 .ARM.attributes
                0x00000000000000a2       0x2c Build/obj/app_msps.o
 .ARM.attributes
                0x00000000000000ce       0x22 Build/obj/startup_stm32g0b1xx.o
 .ARM.attributes
                0x00000000000000f0       0x2c Build/obj/system_stm32g0xx.o
 .ARM.attributes
                0x000000000000011c       0x2c Build/obj/stm32g0xx_hal.o
 .ARM.attributes
                0x0000000000000148       0x2c Build/obj/stm32g0xx_hal_cortex.o
 .ARM.attributes
                0x0000000000000174       0x2c Build/obj/stm32g0xx_hal_rcc.o
 .ARM.attributes
                0x00000000000001a0       0x2c Build/obj/stm32g0xx_hal_gpio.o
 .ARM.attributes
                0x00000000000001cc       0x2c Build/obj/stm32g0xx_hal_fdcan.o
 .ARM.attributes
                0x00000000000001f8       0x2c Build/obj/stm32g0xx_hal_tim.o
 .ARM.attributes
                0x0000000000000224       0x2c Build/obj/app_serial.o
 .ARM.attributes
                0x0000000000000250       0x2c Build/obj/app_clock.o
 .ARM.attributes
                0x000000000000027c       0x2c Build/obj/stm32g0xx_hal_rtc.o
 .ARM.attributes
                0x00000000000002a8       0x2c Build/obj/stm32g0xx_hal_pwr.o
 .ARM.attributes
                0x00000000000002d4       0x2c Build/obj/stm32g0xx_hal_pwr_ex.o
 .ARM.attributes
                0x0000000000000300       0x2c Build/obj/stm32g0xx_hal_rcc_ex.o
 .ARM.attributes
                0x000000000000032c       0x2c Build/obj/hel_lcd.o
 .ARM.attributes
                0x0000000000000358       0x2c Build/obj/app_bsp.o
 .ARM.attributes
                0x0000000000000384       0x2c Build/obj/stm32g0xx_hal_spi.o
 .ARM.attributes
                0x00000000000003b0       0x2c Build/obj/app_display.o
 .ARM.attributes
                0x00000000000003dc       0x2c Build/obj/stm32g0xx_hal_wwdg.o
 .ARM.attributes
                0x0000000000000408       0x2c Build/obj/hil_queue.o
 .ARM.attributes
                0x0000000000000434       0x2c Build/obj/scheduler.o
 .ARM.attributes
                0x0000000000000460       0x2c Build/obj/stm32g0xx_hal_rtc_ex.o
 .ARM.attributes
                0x000000000000048c       0x1e /usr/lib/gcc/arm-none-eabi/12.2.0/thumb/v6-m/nofp/libgcc.a(_udivsi3.o)
 .ARM.attributes
                0x00000000000004aa       0x1e /usr/lib/gcc/arm-none-eabi/12.2.0/thumb/v6-m/nofp/libgcc.a(_divsi3.o)
 .ARM.attributes
                0x00000000000004c8       0x1e /usr/lib/gcc/arm-none-eabi/12.2.0/thumb/v6-m/nofp/libgcc.a(_dvmd_tls.o)
 .ARM.attributes
                0x00000000000004e6       0x2c /usr/lib/gcc/arm-none-eabi/12.2.0/../../../../arm-none-eabi/lib/thumb/v6-m/nofp/libc_nano.a(libc_a-itoa.o)
 .ARM.attributes
                0x0000000000000512       0x2c /usr/lib/gcc/arm-none-eabi/12.2.0/../../../../arm-none-eabi/lib/thumb/v6-m/nofp/libc_nano.a(libc_a-utoa.o)
 .ARM.attributes
                0x000000000000053e       0x2c /usr/lib/gcc/arm-none-eabi/12.2.0/../../../../arm-none-eabi/lib/thumb/v6-m/nofp/libc_nano.a(libc_a-memset.o)
 .ARM.attributes
                0x000000000000056a       0x2c /usr/lib/gcc/arm-none-eabi/12.2.0/../../../../arm-none-eabi/lib/thumb/v6-m/nofp/libc_nano.a(libc_a-strcat.o)
 .ARM.attributes
                0x0000000000000596       0x2c /usr/lib/gcc/arm-none-eabi/12.2.0/../../../../arm-none-eabi/lib/thumb/v6-m/nofp/libc_nano.a(libc_a-init.o)
 .ARM.attributes
                0x00000000000005c2       0x2c /usr/lib/gcc/arm-none-eabi/12.2.0/../../../../arm-none-eabi/lib/thumb/v6-m/nofp/libc_nano.a(libc_a-strcpy.o)
 .ARM.attributes
                0x00000000000005ee       0x2c /usr/lib/gcc/arm-none-eabi/12.2.0/../../../../arm-none-eabi/lib/thumb/v6-m/nofp/libc_nano.a(libc_a-memcpy-stub.o)
 .ARM.attributes
                0x000000000000061a       0x1c /usr/lib/gcc/arm-none-eabi/12.2.0/../../../../arm-none-eabi/lib/thumb/v6-m/nofp/libc_nano.a(libc_a-strlen.o)
 .ARM.attributes
                0x0000000000000636       0x1e /usr/lib/gcc/arm-none-eabi/12.2.0/thumb/v6-m/nofp/crtn.o
OUTPUT(Build/temp.elf elf32-littlearm)
LOAD linker stubs
LOAD /usr/lib/gcc/arm-none-eabi/12.2.0/../../../../arm-none-eabi/lib/thumb/v6-m/nofp/libc.a
LOAD /usr/lib/gcc/arm-none-eabi/12.2.0/../../../../arm-none-eabi/lib/thumb/v6-m/nofp/libm.a
LOAD /usr/lib/gcc/arm-none-eabi/12.2.0/thumb/v6-m/nofp/libgcc.a

.debug_info     0x0000000000000000    0x147ce
 .debug_info    0x0000000000000000      0x7de Build/obj/main.o
 .debug_info    0x00000000000007de      0x8da Build/obj/app_ints.o
 .debug_info    0x00000000000010b8     0x1925 Build/obj/app_msps.o
 .debug_info    0x00000000000029dd      0x30f Build/obj/system_stm32g0xx.o
 .debug_info    0x0000000000002cec      0xaf3 Build/obj/stm32g0xx_hal.o
 .debug_info    0x00000000000037df      0x886 Build/obj/stm32g0xx_hal_cortex.o
 .debug_info    0x0000000000004065      0xbb3 Build/obj/stm32g0xx_hal_rcc.o
 .debug_info    0x0000000000004c18      0x5d2 Build/obj/stm32g0xx_hal_gpio.o
 .debug_info    0x00000000000051ea     0x1863 Build/obj/stm32g0xx_hal_fdcan.o
 .debug_info    0x0000000000006a4d     0x2be8 Build/obj/stm32g0xx_hal_tim.o
 .debug_info    0x0000000000009635     0x1041 Build/obj/app_serial.o
 .debug_info    0x000000000000a676     0x104f Build/obj/app_clock.o
 .debug_info    0x000000000000b6c5      0xcac Build/obj/stm32g0xx_hal_rtc.o
 .debug_info    0x000000000000c371      0x5a3 Build/obj/stm32g0xx_hal_pwr.o
 .debug_info    0x000000000000c914      0x8ae Build/obj/stm32g0xx_hal_pwr_ex.o
 .debug_info    0x000000000000d1c2      0xa3a Build/obj/stm32g0xx_hal_rcc_ex.o
 .debug_info    0x000000000000dbfc      0xade Build/obj/hel_lcd.o
 .debug_info    0x000000000000e6da      0xa09 Build/obj/app_bsp.o
 .debug_info    0x000000000000f0e3     0x1760 Build/obj/stm32g0xx_hal_spi.o
 .debug_info    0x0000000000010843     0x16b6 Build/obj/app_display.o
 .debug_info    0x0000000000011ef9      0x291 Build/obj/stm32g0xx_hal_wwdg.o
 .debug_info    0x000000000001218a      0x4ef Build/obj/hil_queue.o
 .debug_info    0x0000000000012679      0x587 Build/obj/scheduler.o
 .debug_info    0x0000000000012c00     0x12b5 Build/obj/stm32g0xx_hal_rtc_ex.o
 .debug_info    0x0000000000013eb5       0x44 /usr/lib/gcc/arm-none-eabi/12.2.0/thumb/v6-m/nofp/libgcc.a(_udivsi3.o)
 .debug_info    0x0000000000013ef9       0x45 /usr/lib/gcc/arm-none-eabi/12.2.0/thumb/v6-m/nofp/libgcc.a(_divsi3.o)
 .debug_info    0x0000000000013f3e       0x39 /usr/lib/gcc/arm-none-eabi/12.2.0/thumb/v6-m/nofp/libgcc.a(_dvmd_tls.o)
 .debug_info    0x0000000000013f77      0x191 /usr/lib/gcc/arm-none-eabi/12.2.0/../../../../arm-none-eabi/lib/thumb/v6-m/nofp/libc_nano.a(libc_a-itoa.o)
 .debug_info    0x0000000000014108      0x1ed /usr/lib/gcc/arm-none-eabi/12.2.0/../../../../arm-none-eabi/lib/thumb/v6-m/nofp/libc_nano.a(libc_a-utoa.o)
 .debug_info    0x00000000000142f5       0xe0 /usr/lib/gcc/arm-none-eabi/12.2.0/../../../../arm-none-eabi/lib/thumb/v6-m/nofp/libc_nano.a(libc_a-memset.o)
 .debug_info    0x00000000000143d5       0xe1 /usr/lib/gcc/arm-none-eabi/12.2.0/../../../../arm-none-eabi/lib/thumb/v6-m/nofp/libc_nano.a(libc_a-strcat.o)
 .debug_info    0x00000000000144b6      0x10b /usr/lib/gcc/arm-none-eabi/12.2.0/../../../../arm-none-eabi/lib/thumb/v6-m/nofp/libc_nano.a(libc_a-init.o)
 .debug_info    0x00000000000145c1       0xc3 /usr/lib/gcc/arm-none-eabi/12.2.0/../../../../arm-none-eabi/lib/thumb/v6-m/nofp/libc_nano.a(libc_a-strcpy.o)
 .debug_info    0x0000000000014684      0x11b /usr/lib/gcc/arm-none-eabi/12.2.0/../../../../arm-none-eabi/lib/thumb/v6-m/nofp/libc_nano.a(libc_a-memcpy-stub.o)
 .debug_info    0x000000000001479f       0x2f /usr/lib/gcc/arm-none-eabi/12.2.0/../../../../arm-none-eabi/lib/thumb/v6-m/nofp/libc_nano.a(libc_a-strlen.o)

.debug_abbrev   0x0000000000000000     0x38bd
 .debug_abbrev  0x0000000000000000      0x244 Build/obj/main.o
 .debug_abbrev  0x0000000000000244      0x186 Build/obj/app_ints.o
 .debug_abbrev  0x00000000000003ca      0x222 Build/obj/app_msps.o
 .debug_abbrev  0x00000000000005ec      0x119 Build/obj/system_stm32g0xx.o
 .debug_abbrev  0x0000000000000705      0x27f Build/obj/stm32g0xx_hal.o
 .debug_abbrev  0x0000000000000984      0x2ab Build/obj/stm32g0xx_hal_cortex.o
 .debug_abbrev  0x0000000000000c2f      0x2b6 Build/obj/stm32g0xx_hal_rcc.o
 .debug_abbrev  0x0000000000000ee5      0x1c8 Build/obj/stm32g0xx_hal_gpio.o
 .debug_abbrev  0x00000000000010ad      0x1eb Build/obj/stm32g0xx_hal_fdcan.o
 .debug_abbrev  0x0000000000001298      0x287 Build/obj/stm32g0xx_hal_tim.o
 .debug_abbrev  0x000000000000151f      0x2c0 Build/obj/app_serial.o
 .debug_abbrev  0x00000000000017df      0x319 Build/obj/app_clock.o
 .debug_abbrev  0x0000000000001af8      0x206 Build/obj/stm32g0xx_hal_rtc.o
 .debug_abbrev  0x0000000000001cfe      0x172 Build/obj/stm32g0xx_hal_pwr.o
 .debug_abbrev  0x0000000000001e70      0x23c Build/obj/stm32g0xx_hal_pwr_ex.o
 .debug_abbrev  0x00000000000020ac      0x244 Build/obj/stm32g0xx_hal_rcc_ex.o
 .debug_abbrev  0x00000000000022f0      0x208 Build/obj/hel_lcd.o
 .debug_abbrev  0x00000000000024f8      0x1b1 Build/obj/app_bsp.o
 .debug_abbrev  0x00000000000026a9      0x290 Build/obj/stm32g0xx_hal_spi.o
 .debug_abbrev  0x0000000000002939      0x2d8 Build/obj/app_display.o
 .debug_abbrev  0x0000000000002c11      0x19f Build/obj/stm32g0xx_hal_wwdg.o
 .debug_abbrev  0x0000000000002db0      0x197 Build/obj/hil_queue.o
 .debug_abbrev  0x0000000000002f47      0x175 Build/obj/scheduler.o
 .debug_abbrev  0x00000000000030bc      0x24b Build/obj/stm32g0xx_hal_rtc_ex.o
 .debug_abbrev  0x0000000000003307       0x21 /usr/lib/gcc/arm-none-eabi/12.2.0/thumb/v6-m/nofp/libgcc.a(_udivsi3.o)
 .debug_abbrev  0x0000000000003328       0x21 /usr/lib/gcc/arm-none-eabi/12.2.0/thumb/v6-m/nofp/libgcc.a(_divsi3.o)
 .debug_abbrev  0x0000000000003349       0x1f /usr/lib/gcc/arm-none-eabi/12.2.0/thumb/v6-m/nofp/libgcc.a(_dvmd_tls.o)
 .debug_abbrev  0x0000000000003368       0xf7 /usr/lib/gcc/arm-none-eabi/12.2.0/../../../../arm-none-eabi/lib/thumb/v6-m/nofp/libc_nano.a(libc_a-itoa.o)
 .debug_abbrev  0x000000000000345f      0x114 /usr/lib/gcc/arm-none-eabi/12.2.0/../../../../arm-none-eabi/lib/thumb/v6-m/nofp/libc_nano.a(libc_a-utoa.o)
 .debug_abbrev  0x0000000000003573       0x9e /usr/lib/gcc/arm-none-eabi/12.2.0/../../../../arm-none-eabi/lib/thumb/v6-m/nofp/libc_nano.a(libc_a-memset.o)
 .debug_abbrev  0x0000000000003611       0x86 /usr/lib/gcc/arm-none-eabi/12.2.0/../../../../arm-none-eabi/lib/thumb/v6-m/nofp/libc_nano.a(libc_a-strcat.o)
 .debug_abbrev  0x0000000000003697       0xc9 /usr/lib/gcc/arm-none-eabi/12.2.0/../../../../arm-none-eabi/lib/thumb/v6-m/nofp/libc_nano.a(libc_a-init.o)
 .debug_abbrev  0x0000000000003760       0x7b /usr/lib/gcc/arm-none-eabi/12.2.0/../../../../arm-none-eabi/lib/thumb/v6-m/nofp/libc_nano.a(libc_a-strcpy.o)
 .debug_abbrev  0x00000000000037db       0xc1 /usr/lib/gcc/arm-none-eabi/12.2.0/../../../../arm-none-eabi/lib/thumb/v6-m/nofp/libc_nano.a(libc_a-memcpy-stub.o)
 .debug_abbrev  0x000000000000389c       0x21 /usr/lib/gcc/arm-none-eabi/12.2.0/../../../../arm-none-eabi/lib/thumb/v6-m/nofp/libc_nano.a(libc_a-strlen.o)

.debug_aranges  0x0000000000000000     0x1518
 .debug_aranges
                0x0000000000000000       0x40 Build/obj/main.o
 .debug_aranges
                0x0000000000000040       0x58 Build/obj/app_ints.o
 .debug_aranges
                0x0000000000000098       0x48 Build/obj/app_msps.o
 .debug_aranges
                0x00000000000000e0       0x28 Build/obj/system_stm32g0xx.o
 .debug_aranges
                0x0000000000000108      0x130 Build/obj/stm32g0xx_hal.o
 .debug_aranges
                0x0000000000000238       0xd8 Build/obj/stm32g0xx_hal_cortex.o
 .debug_aranges
                0x0000000000000310       0xa0 Build/obj/stm32g0xx_hal_rcc.o
 .debug_aranges
                0x00000000000003b0       0x60 Build/obj/stm32g0xx_hal_gpio.o
 .debug_aranges
                0x0000000000000410      0x208 Build/obj/stm32g0xx_hal_fdcan.o
 .debug_aranges
                0x0000000000000618      0x3e0 Build/obj/stm32g0xx_hal_tim.o
 .debug_aranges
                0x00000000000009f8       0x90 Build/obj/app_serial.o
 .debug_aranges
                0x0000000000000a88       0xa8 Build/obj/app_clock.o
 .debug_aranges
                0x0000000000000b30       0xe8 Build/obj/stm32g0xx_hal_rtc.o
 .debug_aranges
                0x0000000000000c18       0x78 Build/obj/stm32g0xx_hal_pwr.o
 .debug_aranges
                0x0000000000000c90      0x128 Build/obj/stm32g0xx_hal_pwr_ex.o
 .debug_aranges
                0x0000000000000db8       0x88 Build/obj/stm32g0xx_hal_rcc_ex.o
 .debug_aranges
                0x0000000000000e40       0x60 Build/obj/hel_lcd.o
 .debug_aranges
                0x0000000000000ea0       0x28 Build/obj/app_bsp.o
 .debug_aranges
                0x0000000000000ec8      0x1d8 Build/obj/stm32g0xx_hal_spi.o
 .debug_aranges
                0x00000000000010a0       0x78 Build/obj/app_display.o
 .debug_aranges
                0x0000000000001118       0x40 Build/obj/stm32g0xx_hal_wwdg.o
 .debug_aranges
                0x0000000000001158       0x68 Build/obj/hil_queue.o
 .debug_aranges
                0x00000000000011c0       0x70 Build/obj/scheduler.o
 .debug_aranges
                0x0000000000001230      0x178 Build/obj/stm32g0xx_hal_rtc_ex.o
 .debug_aranges
                0x00000000000013a8       0x20 /usr/lib/gcc/arm-none-eabi/12.2.0/thumb/v6-m/nofp/libgcc.a(_udivsi3.o)
 .debug_aranges
                0x00000000000013c8       0x20 /usr/lib/gcc/arm-none-eabi/12.2.0/thumb/v6-m/nofp/libgcc.a(_divsi3.o)
 .debug_aranges
                0x00000000000013e8       0x20 /usr/lib/gcc/arm-none-eabi/12.2.0/thumb/v6-m/nofp/libgcc.a(_dvmd_tls.o)
 .debug_aranges
                0x0000000000001408       0x28 /usr/lib/gcc/arm-none-eabi/12.2.0/../../../../arm-none-eabi/lib/thumb/v6-m/nofp/libc_nano.a(libc_a-itoa.o)
 .debug_aranges
                0x0000000000001430       0x28 /usr/lib/gcc/arm-none-eabi/12.2.0/../../../../arm-none-eabi/lib/thumb/v6-m/nofp/libc_nano.a(libc_a-utoa.o)
 .debug_aranges
                0x0000000000001458       0x20 /usr/lib/gcc/arm-none-eabi/12.2.0/../../../../arm-none-eabi/lib/thumb/v6-m/nofp/libc_nano.a(libc_a-memset.o)
 .debug_aranges
                0x0000000000001478       0x20 /usr/lib/gcc/arm-none-eabi/12.2.0/../../../../arm-none-eabi/lib/thumb/v6-m/nofp/libc_nano.a(libc_a-strcat.o)
 .debug_aranges
                0x0000000000001498       0x20 /usr/lib/gcc/arm-none-eabi/12.2.0/../../../../arm-none-eabi/lib/thumb/v6-m/nofp/libc_nano.a(libc_a-init.o)
 .debug_aranges
                0x00000000000014b8       0x20 /usr/lib/gcc/arm-none-eabi/12.2.0/../../../../arm-none-eabi/lib/thumb/v6-m/nofp/libc_nano.a(libc_a-strcpy.o)
 .debug_aranges
                0x00000000000014d8       0x20 /usr/lib/gcc/arm-none-eabi/12.2.0/../../../../arm-none-eabi/lib/thumb/v6-m/nofp/libc_nano.a(libc_a-memcpy-stub.o)
 .debug_aranges
                0x00000000000014f8       0x20 /usr/lib/gcc/arm-none-eabi/12.2.0/../../../../arm-none-eabi/lib/thumb/v6-m/nofp/libc_nano.a(libc_a-strlen.o)

.debug_rnglists
                0x0000000000000000      0xf9a
 .debug_rnglists
                0x0000000000000000       0x2c Build/obj/main.o
 .debug_rnglists
                0x000000000000002c       0x3d Build/obj/app_ints.o
 .debug_rnglists
                0x0000000000000069       0x35 Build/obj/app_msps.o
 .debug_rnglists
                0x000000000000009e       0x1a Build/obj/system_stm32g0xx.o
 .debug_rnglists
                0x00000000000000b8       0xe0 Build/obj/stm32g0xx_hal.o
 .debug_rnglists
                0x0000000000000198       0xa0 Build/obj/stm32g0xx_hal_cortex.o
 .debug_rnglists
                0x0000000000000238       0x79 Build/obj/stm32g0xx_hal_rcc.o
 .debug_rnglists
                0x00000000000002b1       0x45 Build/obj/stm32g0xx_hal_gpio.o
 .debug_rnglists
                0x00000000000002f6      0x18d Build/obj/stm32g0xx_hal_fdcan.o
 .debug_rnglists
                0x0000000000000483      0x328 Build/obj/stm32g0xx_hal_tim.o
 .debug_rnglists
                0x00000000000007ab       0x6b Build/obj/app_serial.o
 .debug_rnglists
                0x0000000000000816       0x80 Build/obj/app_clock.o
 .debug_rnglists
                0x0000000000000896       0xb5 Build/obj/stm32g0xx_hal_rtc.o
 .debug_rnglists
                0x000000000000094b       0x55 Build/obj/stm32g0xx_hal_pwr.o
 .debug_rnglists
                0x00000000000009a0       0xdf Build/obj/stm32g0xx_hal_pwr_ex.o
 .debug_rnglists
                0x0000000000000a7f       0x69 Build/obj/stm32g0xx_hal_rcc_ex.o
 .debug_rnglists
                0x0000000000000ae8       0x45 Build/obj/hel_lcd.o
 .debug_rnglists
                0x0000000000000b2d       0x19 Build/obj/app_bsp.o
 .debug_rnglists
                0x0000000000000b46      0x17a Build/obj/stm32g0xx_hal_spi.o
 .debug_rnglists
                0x0000000000000cc0       0x5b Build/obj/app_display.o
 .debug_rnglists
                0x0000000000000d1b       0x2b Build/obj/stm32g0xx_hal_wwdg.o
 .debug_rnglists
                0x0000000000000d46       0x4b Build/obj/hil_queue.o
 .debug_rnglists
                0x0000000000000d91       0x52 Build/obj/scheduler.o
 .debug_rnglists
                0x0000000000000de3      0x126 Build/obj/stm32g0xx_hal_rtc_ex.o
 .debug_rnglists
                0x0000000000000f09       0x19 /usr/lib/gcc/arm-none-eabi/12.2.0/../../../../arm-none-eabi/lib/thumb/v6-m/nofp/libc_nano.a(libc_a-itoa.o)
 .debug_rnglists
                0x0000000000000f22       0x19 /usr/lib/gcc/arm-none-eabi/12.2.0/../../../../arm-none-eabi/lib/thumb/v6-m/nofp/libc_nano.a(libc_a-utoa.o)
 .debug_rnglists
                0x0000000000000f3b       0x13 /usr/lib/gcc/arm-none-eabi/12.2.0/../../../../arm-none-eabi/lib/thumb/v6-m/nofp/libc_nano.a(libc_a-memset.o)
 .debug_rnglists
                0x0000000000000f4e       0x13 /usr/lib/gcc/arm-none-eabi/12.2.0/../../../../arm-none-eabi/lib/thumb/v6-m/nofp/libc_nano.a(libc_a-strcat.o)
 .debug_rnglists
                0x0000000000000f61       0x13 /usr/lib/gcc/arm-none-eabi/12.2.0/../../../../arm-none-eabi/lib/thumb/v6-m/nofp/libc_nano.a(libc_a-init.o)
 .debug_rnglists
                0x0000000000000f74       0x13 /usr/lib/gcc/arm-none-eabi/12.2.0/../../../../arm-none-eabi/lib/thumb/v6-m/nofp/libc_nano.a(libc_a-strcpy.o)
 .debug_rnglists
                0x0000000000000f87       0x13 /usr/lib/gcc/arm-none-eabi/12.2.0/../../../../arm-none-eabi/lib/thumb/v6-m/nofp/libc_nano.a(libc_a-memcpy-stub.o)

.debug_macro    0x0000000000000000    0x2092b
 .debug_macro   0x0000000000000000      0x353 Build/obj/main.o
 .debug_macro   0x0000000000000353      0xa78 Build/obj/main.o
 .debug_macro   0x0000000000000dcb       0x22 Build/obj/main.o
 .debug_macro   0x0000000000000ded       0x56 Build/obj/main.o
 .debug_macro   0x0000000000000e43       0x51 Build/obj/main.o
 .debug_macro   0x0000000000000e94      0x103 Build/obj/main.o
 .debug_macro   0x0000000000000f97       0x6a Build/obj/main.o
 .debug_macro   0x0000000000001001      0x1df Build/obj/main.o
 .debug_macro   0x00000000000011e0       0x2e Build/obj/main.o
 .debug_macro   0x000000000000120e       0x28 Build/obj/main.o
 .debug_macro   0x0000000000001236       0x1c Build/obj/main.o
 .debug_macro   0x0000000000001252       0x22 Build/obj/main.o
 .debug_macro   0x0000000000001274       0xd1 Build/obj/main.o
 .debug_macro   0x0000000000001345      0x4da Build/obj/main.o
 .debug_macro   0x000000000000181f      0x11f Build/obj/main.o
 .debug_macro   0x000000000000193e     0xf3bb Build/obj/main.o
 .debug_macro   0x0000000000010cf9       0x66 Build/obj/main.o
 .debug_macro   0x0000000000010d5f      0x154 Build/obj/main.o
 .debug_macro   0x0000000000010eb3     0x34fd Build/obj/main.o
 .debug_macro   0x00000000000143b0      0x182 Build/obj/main.o
 .debug_macro   0x0000000000014532       0x5c Build/obj/main.o
 .debug_macro   0x000000000001458e      0x72c Build/obj/main.o
 .debug_macro   0x0000000000014cba     0x1509 Build/obj/main.o
 .debug_macro   0x00000000000161c3      0x535 Build/obj/main.o
 .debug_macro   0x00000000000166f8      0x1cf Build/obj/main.o
 .debug_macro   0x00000000000168c7      0x25b Build/obj/main.o
 .debug_macro   0x0000000000016b22      0x4f5 Build/obj/main.o
 .debug_macro   0x0000000000017017      0x280 Build/obj/main.o
 .debug_macro   0x0000000000017297      0x417 Build/obj/main.o
 .debug_macro   0x00000000000176ae      0x1b2 Build/obj/main.o
 .debug_macro   0x0000000000017860       0x43 Build/obj/main.o
 .debug_macro   0x00000000000178a3      0x1f1 Build/obj/main.o
 .debug_macro   0x0000000000017a94      0x8bd Build/obj/main.o
 .debug_macro   0x0000000000018351      0x5c9 Build/obj/main.o
 .debug_macro   0x000000000001891a       0x2e Build/obj/main.o
 .debug_macro   0x0000000000018948      0x161 Build/obj/main.o
 .debug_macro   0x0000000000018aa9       0xd0 Build/obj/main.o
 .debug_macro   0x0000000000018b79      0x1e4 Build/obj/main.o
 .debug_macro   0x0000000000018d5d      0x3fa Build/obj/main.o
 .debug_macro   0x0000000000019157       0x28 Build/obj/main.o
 .debug_macro   0x000000000001917f      0x123 Build/obj/main.o
 .debug_macro   0x00000000000192a2      0x6bd Build/obj/main.o
 .debug_macro   0x000000000001995f       0x85 Build/obj/main.o
 .debug_macro   0x00000000000199e4      0x145 Build/obj/main.o
 .debug_macro   0x0000000000019b29      0x30b Build/obj/main.o
 .debug_macro   0x0000000000019e34      0x328 Build/obj/main.o
 .debug_macro   0x000000000001a15c      0x447 Build/obj/main.o
 .debug_macro   0x000000000001a5a3       0xeb Build/obj/main.o
 .debug_macro   0x000000000001a68e      0x2fe Build/obj/main.o
 .debug_macro   0x000000000001a98c      0xade Build/obj/main.o
 .debug_macro   0x000000000001b46a      0x239 Build/obj/main.o
 .debug_macro   0x000000000001b6a3       0xa9 Build/obj/main.o
 .debug_macro   0x000000000001b74c      0x5df Build/obj/main.o
 .debug_macro   0x000000000001bd2b       0x1c Build/obj/main.o
 .debug_macro   0x000000000001bd47       0x16 Build/obj/main.o
 .debug_macro   0x000000000001bd5d       0x10 Build/obj/main.o
 .debug_macro   0x000000000001bd6d      0x1a0 Build/obj/main.o
 .debug_macro   0x000000000001bf0d       0x74 Build/obj/main.o
 .debug_macro   0x000000000001bf81       0x24 Build/obj/main.o
 .debug_macro   0x000000000001bfa5       0x3c Build/obj/main.o
 .debug_macro   0x000000000001bfe1       0x34 Build/obj/main.o
 .debug_macro   0x000000000001c015       0x16 Build/obj/main.o
 .debug_macro   0x000000000001c02b       0x43 Build/obj/main.o
 .debug_macro   0x000000000001c06e       0x34 Build/obj/main.o
 .debug_macro   0x000000000001c0a2       0x10 Build/obj/main.o
 .debug_macro   0x000000000001c0b2       0x58 Build/obj/main.o
 .debug_macro   0x000000000001c10a      0x1de Build/obj/main.o
 .debug_macro   0x000000000001c2e8      0x385 Build/obj/main.o
 .debug_macro   0x000000000001c66d       0x10 Build/obj/main.o
 .debug_macro   0x000000000001c67d       0x35 Build/obj/main.o
 .debug_macro   0x000000000001c6b2      0x292 Build/obj/app_ints.o
 .debug_macro   0x000000000001c944      0x2a1 Build/obj/app_msps.o
 .debug_macro   0x000000000001cbe5      0x253 Build/obj/system_stm32g0xx.o
 .debug_macro   0x000000000001ce38       0x22 Build/obj/system_stm32g0xx.o
 .debug_macro   0x000000000001ce5a      0x277 Build/obj/stm32g0xx_hal.o
 .debug_macro   0x000000000001d0d1      0x253 Build/obj/stm32g0xx_hal_cortex.o
 .debug_macro   0x000000000001d324      0x2a7 Build/obj/stm32g0xx_hal_rcc.o
 .debug_macro   0x000000000001d5cb      0x25a Build/obj/stm32g0xx_hal_gpio.o
 .debug_macro   0x000000000001d825      0x365 Build/obj/stm32g0xx_hal_fdcan.o
 .debug_macro   0x000000000001db8a      0x25b Build/obj/stm32g0xx_hal_tim.o
 .debug_macro   0x000000000001dde5      0x276 Build/obj/app_serial.o
 .debug_macro   0x000000000001e05b      0x372 Build/obj/app_clock.o
 .debug_macro   0x000000000001e3cd       0x16 Build/obj/app_clock.o
 .debug_macro   0x000000000001e3e3       0x22 Build/obj/app_clock.o
 .debug_macro   0x000000000001e405      0x254 Build/obj/stm32g0xx_hal_rtc.o
 .debug_macro   0x000000000001e659      0x253 Build/obj/stm32g0xx_hal_pwr.o
 .debug_macro   0x000000000001e8ac      0x27d Build/obj/stm32g0xx_hal_pwr_ex.o
 .debug_macro   0x000000000001eb29      0x26b Build/obj/stm32g0xx_hal_rcc_ex.o
 .debug_macro   0x000000000001ed94      0x30c Build/obj/hel_lcd.o
 .debug_macro   0x000000000001f0a0       0x6a Build/obj/hel_lcd.o
 .debug_macro   0x000000000001f10a       0x18 Build/obj/hel_lcd.o
 .debug_macro   0x000000000001f122       0x3c Build/obj/hel_lcd.o
 .debug_macro   0x000000000001f15e       0x34 Build/obj/hel_lcd.o
 .debug_macro   0x000000000001f192      0x182 Build/obj/hel_lcd.o
 .debug_macro   0x000000000001f314      0x35d Build/obj/hel_lcd.o
 .debug_macro   0x000000000001f671      0x25d Build/obj/app_bsp.o
 .debug_macro   0x000000000001f8ce      0x25b Build/obj/stm32g0xx_hal_spi.o
 .debug_macro   0x000000000001fb29      0x372 Build/obj/app_display.o
 .debug_macro   0x000000000001fe9b      0x254 Build/obj/stm32g0xx_hal_wwdg.o
 .debug_macro   0x00000000000200ef      0x317 Build/obj/hil_queue.o
 .debug_macro   0x0000000000020406       0x56 Build/obj/hil_queue.o
 .debug_macro   0x000000000002045c      0x26c Build/obj/scheduler.o
 .debug_macro   0x00000000000206c8       0x10 Build/obj/scheduler.o
 .debug_macro   0x00000000000206d8      0x253 Build/obj/stm32g0xx_hal_rtc_ex.o

.debug_line     0x0000000000000000    0x13c5f
 .debug_line    0x0000000000000000      0x6ab Build/obj/main.o
 .debug_line    0x00000000000006ab      0x60d Build/obj/app_ints.o
 .debug_line    0x0000000000000cb8      0x6aa Build/obj/app_msps.o
 .debug_line    0x0000000000001362      0x5bf Build/obj/system_stm32g0xx.o
 .debug_line    0x0000000000001921      0x906 Build/obj/stm32g0xx_hal.o
 .debug_line    0x0000000000002227      0x951 Build/obj/stm32g0xx_hal_cortex.o
 .debug_line    0x0000000000002b78      0xd47 Build/obj/stm32g0xx_hal_rcc.o
 .debug_line    0x00000000000038bf      0x973 Build/obj/stm32g0xx_hal_gpio.o
 .debug_line    0x0000000000004232     0x1712 Build/obj/stm32g0xx_hal_fdcan.o
 .debug_line    0x0000000000005944     0x3af8 Build/obj/stm32g0xx_hal_tim.o
 .debug_line    0x000000000000943c      0x8d1 Build/obj/app_serial.o
 .debug_line    0x0000000000009d0d      0x9e0 Build/obj/app_clock.o
 .debug_line    0x000000000000a6ed      0xf4a Build/obj/stm32g0xx_hal_rtc.o
 .debug_line    0x000000000000b637      0x688 Build/obj/stm32g0xx_hal_pwr.o
 .debug_line    0x000000000000bcbf      0x9c7 Build/obj/stm32g0xx_hal_pwr_ex.o
 .debug_line    0x000000000000c686      0xf97 Build/obj/stm32g0xx_hal_rcc_ex.o
 .debug_line    0x000000000000d61d      0x71c Build/obj/hel_lcd.o
 .debug_line    0x000000000000dd39      0x56c Build/obj/app_bsp.o
 .debug_line    0x000000000000e2a5     0x1cef Build/obj/stm32g0xx_hal_spi.o
 .debug_line    0x000000000000ff94      0x884 Build/obj/app_display.o
 .debug_line    0x0000000000010818      0x5af Build/obj/stm32g0xx_hal_wwdg.o
 .debug_line    0x0000000000010dc7      0x756 Build/obj/hil_queue.o
 .debug_line    0x000000000001151d      0x9a8 Build/obj/scheduler.o
 .debug_line    0x0000000000011ec5     0x1344 Build/obj/stm32g0xx_hal_rtc_ex.o
 .debug_line    0x0000000000013209       0x61 /usr/lib/gcc/arm-none-eabi/12.2.0/thumb/v6-m/nofp/libgcc.a(_udivsi3.o)
 .debug_line    0x000000000001326a       0x6f /usr/lib/gcc/arm-none-eabi/12.2.0/thumb/v6-m/nofp/libgcc.a(_divsi3.o)
 .debug_line    0x00000000000132d9       0x4a /usr/lib/gcc/arm-none-eabi/12.2.0/thumb/v6-m/nofp/libgcc.a(_dvmd_tls.o)
 .debug_line    0x0000000000013323      0x147 /usr/lib/gcc/arm-none-eabi/12.2.0/../../../../arm-none-eabi/lib/thumb/v6-m/nofp/libc_nano.a(libc_a-itoa.o)
 .debug_line    0x000000000001346a      0x1e3 /usr/lib/gcc/arm-none-eabi/12.2.0/../../../../arm-none-eabi/lib/thumb/v6-m/nofp/libc_nano.a(libc_a-utoa.o)
 .debug_line    0x000000000001364d      0x11d /usr/lib/gcc/arm-none-eabi/12.2.0/../../../../arm-none-eabi/lib/thumb/v6-m/nofp/libc_nano.a(libc_a-memset.o)
 .debug_line    0x000000000001376a      0x10d /usr/lib/gcc/arm-none-eabi/12.2.0/../../../../arm-none-eabi/lib/thumb/v6-m/nofp/libc_nano.a(libc_a-strcat.o)
 .debug_line    0x0000000000013877      0x131 /usr/lib/gcc/arm-none-eabi/12.2.0/../../../../arm-none-eabi/lib/thumb/v6-m/nofp/libc_nano.a(libc_a-init.o)
 .debug_line    0x00000000000139a8       0xd8 /usr/lib/gcc/arm-none-eabi/12.2.0/../../../../arm-none-eabi/lib/thumb/v6-m/nofp/libc_nano.a(libc_a-strcpy.o)
 .debug_line    0x0000000000013a80      0x190 /usr/lib/gcc/arm-none-eabi/12.2.0/../../../../arm-none-eabi/lib/thumb/v6-m/nofp/libc_nano.a(libc_a-memcpy-stub.o)
 .debug_line    0x0000000000013c10       0x4f /usr/lib/gcc/arm-none-eabi/12.2.0/../../../../arm-none-eabi/lib/thumb/v6-m/nofp/libc_nano.a(libc_a-strlen.o)

.debug_str      0x0000000000000000    0xceb83
 .debug_str     0x0000000000000000    0xc7c59 Build/obj/main.o
                                      0xc8549 (size before relaxing)
 .debug_str     0x00000000000c7c59      0x592 Build/obj/app_ints.o
                                      0xc559f (size before relaxing)
 .debug_str     0x00000000000c81eb      0xaaa Build/obj/app_msps.o
                                      0xc6746 (size before relaxing)
 .debug_str     0x00000000000c8c95       0xbe Build/obj/system_stm32g0xx.o
                                      0xc5035 (size before relaxing)
 .debug_str     0x00000000000c8d53      0x5bc Build/obj/stm32g0xx_hal.o
                                      0xc58ef (size before relaxing)
 .debug_str     0x00000000000c930f      0x243 Build/obj/stm32g0xx_hal_cortex.o
                                      0xc54ef (size before relaxing)
 .debug_str     0x00000000000c9552      0x403 Build/obj/stm32g0xx_hal_rcc.o
                                      0xc5708 (size before relaxing)
 .debug_str     0x00000000000c9955      0x133 Build/obj/stm32g0xx_hal_gpio.o
                                      0xc5179 (size before relaxing)
 .debug_str     0x00000000000c9a88     0x1325 Build/obj/stm32g0xx_hal_fdcan.o
                                      0xc66ae (size before relaxing)
 .debug_str     0x00000000000cadad     0x11a2 Build/obj/stm32g0xx_hal_tim.o
                                      0xc656f (size before relaxing)
 .debug_str     0x00000000000cbf4f      0x360 Build/obj/app_serial.o
                                      0xc5b31 (size before relaxing)
 .debug_str     0x00000000000cc2af      0x558 Build/obj/app_clock.o
                                      0xc8c36 (size before relaxing)
 .debug_str     0x00000000000cc807      0x1a2 Build/obj/stm32g0xx_hal_rtc.o
                                      0xc552c (size before relaxing)
 .debug_str     0x00000000000cc9a9      0x1a1 Build/obj/stm32g0xx_hal_pwr.o
                                      0xc5217 (size before relaxing)
 .debug_str     0x00000000000ccb4a      0x341 Build/obj/stm32g0xx_hal_pwr_ex.o
                                      0xc5598 (size before relaxing)
 .debug_str     0x00000000000cce8b      0x321 Build/obj/stm32g0xx_hal_rcc_ex.o
                                      0xc5672 (size before relaxing)
 .debug_str     0x00000000000cd1ac      0x5c4 Build/obj/hel_lcd.o
                                      0xc83eb (size before relaxing)
 .debug_str     0x00000000000cd770       0x2f Build/obj/app_bsp.o
                                      0xc566b (size before relaxing)
 .debug_str     0x00000000000cd79f      0x545 Build/obj/stm32g0xx_hal_spi.o
                                      0xc5a23 (size before relaxing)
 .debug_str     0x00000000000cdce4      0x1c4 Build/obj/app_display.o
                                      0xc9077 (size before relaxing)
 .debug_str     0x00000000000cdea8       0x50 Build/obj/stm32g0xx_hal_wwdg.o
                                      0xc5010 (size before relaxing)
 .debug_str     0x00000000000cdef8       0x4c Build/obj/hil_queue.o
                                      0xc7b24 (size before relaxing)
 .debug_str     0x00000000000cdf44       0xbf Build/obj/scheduler.o
                                      0xc517b (size before relaxing)
 .debug_str     0x00000000000ce003      0x6c7 Build/obj/stm32g0xx_hal_rtc_ex.o
                                      0xc5998 (size before relaxing)
 .debug_str     0x00000000000ce6ca       0xc7 /usr/lib/gcc/arm-none-eabi/12.2.0/thumb/v6-m/nofp/libgcc.a(_udivsi3.o)
 .debug_str     0x00000000000ce791       0x26 /usr/lib/gcc/arm-none-eabi/12.2.0/thumb/v6-m/nofp/libgcc.a(_divsi3.o)
                                         0xc4 (size before relaxing)
 .debug_str     0x00000000000ce7b7       0x1c /usr/lib/gcc/arm-none-eabi/12.2.0/thumb/v6-m/nofp/libgcc.a(_dvmd_tls.o)
                                         0xba (size before relaxing)
 .debug_str     0x00000000000ce7d3      0x126 /usr/lib/gcc/arm-none-eabi/12.2.0/../../../../arm-none-eabi/lib/thumb/v6-m/nofp/libc_nano.a(libc_a-itoa.o)
                                        0x1cd (size before relaxing)
 .debug_str     0x00000000000ce8f9       0x64 /usr/lib/gcc/arm-none-eabi/12.2.0/../../../../arm-none-eabi/lib/thumb/v6-m/nofp/libc_nano.a(libc_a-utoa.o)
                                        0x1f9 (size before relaxing)
 .debug_str     0x00000000000ce95d       0x44 /usr/lib/gcc/arm-none-eabi/12.2.0/../../../../arm-none-eabi/lib/thumb/v6-m/nofp/libc_nano.a(libc_a-memset.o)
                                        0x1b8 (size before relaxing)
 .debug_str     0x00000000000ce9a1       0x44 /usr/lib/gcc/arm-none-eabi/12.2.0/../../../../arm-none-eabi/lib/thumb/v6-m/nofp/libc_nano.a(libc_a-strcat.o)
                                        0x1b1 (size before relaxing)
 .debug_str     0x00000000000ce9e5       0xa0 /usr/lib/gcc/arm-none-eabi/12.2.0/../../../../arm-none-eabi/lib/thumb/v6-m/nofp/libc_nano.a(libc_a-init.o)
                                        0x219 (size before relaxing)
 .debug_str     0x00000000000cea85       0x49 /usr/lib/gcc/arm-none-eabi/12.2.0/../../../../arm-none-eabi/lib/thumb/v6-m/nofp/libc_nano.a(libc_a-strcpy.o)
                                        0x1b6 (size before relaxing)
 .debug_str     0x00000000000ceace       0x62 /usr/lib/gcc/arm-none-eabi/12.2.0/../../../../arm-none-eabi/lib/thumb/v6-m/nofp/libc_nano.a(libc_a-memcpy-stub.o)
                                        0x1d6 (size before relaxing)
 .debug_str     0x00000000000ceb30       0x53 /usr/lib/gcc/arm-none-eabi/12.2.0/../../../../arm-none-eabi/lib/thumb/v6-m/nofp/libc_nano.a(libc_a-strlen.o)
                                         0xb6 (size before relaxing)

.comment        0x0000000000000000       0x1e
 .comment       0x0000000000000000       0x1e Build/obj/main.o
                                         0x1f (size before relaxing)
 .comment       0x000000000000001e       0x1f Build/obj/app_ints.o
 .comment       0x000000000000001e       0x1f Build/obj/app_msps.o
 .comment       0x000000000000001e       0x1f Build/obj/system_stm32g0xx.o
 .comment       0x000000000000001e       0x1f Build/obj/stm32g0xx_hal.o
 .comment       0x000000000000001e       0x1f Build/obj/stm32g0xx_hal_cortex.o
 .comment       0x000000000000001e       0x1f Build/obj/stm32g0xx_hal_rcc.o
 .comment       0x000000000000001e       0x1f Build/obj/stm32g0xx_hal_gpio.o
 .comment       0x000000000000001e       0x1f Build/obj/stm32g0xx_hal_fdcan.o
 .comment       0x000000000000001e       0x1f Build/obj/stm32g0xx_hal_tim.o
 .comment       0x000000000000001e       0x1f Build/obj/app_serial.o
 .comment       0x000000000000001e       0x1f Build/obj/app_clock.o
 .comment       0x000000000000001e       0x1f Build/obj/stm32g0xx_hal_rtc.o
 .comment       0x000000000000001e       0x1f Build/obj/stm32g0xx_hal_pwr.o
 .comment       0x000000000000001e       0x1f Build/obj/stm32g0xx_hal_pwr_ex.o
 .comment       0x000000000000001e       0x1f Build/obj/stm32g0xx_hal_rcc_ex.o
 .comment       0x000000000000001e       0x1f Build/obj/hel_lcd.o
 .comment       0x000000000000001e       0x1f Build/obj/app_bsp.o
 .comment       0x000000000000001e       0x1f Build/obj/stm32g0xx_hal_spi.o
 .comment       0x000000000000001e       0x1f Build/obj/app_display.o
 .comment       0x000000000000001e       0x1f Build/obj/stm32g0xx_hal_wwdg.o
 .comment       0x000000000000001e       0x1f Build/obj/hil_queue.o
 .comment       0x000000000000001e       0x1f Build/obj/scheduler.o
 .comment       0x000000000000001e       0x1f Build/obj/stm32g0xx_hal_rtc_ex.o
 .comment       0x000000000000001e       0x1f /usr/lib/gcc/arm-none-eabi/12.2.0/../../../../arm-none-eabi/lib/thumb/v6-m/nofp/libc_nano.a(libc_a-itoa.o)
 .comment       0x000000000000001e       0x1f /usr/lib/gcc/arm-none-eabi/12.2.0/../../../../arm-none-eabi/lib/thumb/v6-m/nofp/libc_nano.a(libc_a-utoa.o)
 .comment       0x000000000000001e       0x1f /usr/lib/gcc/arm-none-eabi/12.2.0/../../../../arm-none-eabi/lib/thumb/v6-m/nofp/libc_nano.a(libc_a-memset.o)
 .comment       0x000000000000001e       0x1f /usr/lib/gcc/arm-none-eabi/12.2.0/../../../../arm-none-eabi/lib/thumb/v6-m/nofp/libc_nano.a(libc_a-strcat.o)
 .comment       0x000000000000001e       0x1f /usr/lib/gcc/arm-none-eabi/12.2.0/../../../../arm-none-eabi/lib/thumb/v6-m/nofp/libc_nano.a(libc_a-init.o)
 .comment       0x000000000000001e       0x1f /usr/lib/gcc/arm-none-eabi/12.2.0/../../../../arm-none-eabi/lib/thumb/v6-m/nofp/libc_nano.a(libc_a-strcpy.o)
 .comment       0x000000000000001e       0x1f /usr/lib/gcc/arm-none-eabi/12.2.0/../../../../arm-none-eabi/lib/thumb/v6-m/nofp/libc_nano.a(libc_a-memcpy-stub.o)

.debug_frame    0x0000000000000000     0x31e4
 .debug_frame   0x0000000000000000       0x88 Build/obj/main.o
 .debug_frame   0x0000000000000088       0xb0 Build/obj/app_ints.o
 .debug_frame   0x0000000000000138       0xa0 Build/obj/app_msps.o
 .debug_frame   0x00000000000001d8       0x38 Build/obj/system_stm32g0xx.o
 .debug_frame   0x0000000000000210      0x298 Build/obj/stm32g0xx_hal.o
 .debug_frame   0x00000000000004a8      0x218 Build/obj/stm32g0xx_hal_cortex.o
 .debug_frame   0x00000000000006c0      0x164 Build/obj/stm32g0xx_hal_rcc.o
 .debug_frame   0x0000000000000824       0xcc Build/obj/stm32g0xx_hal_gpio.o
 .debug_frame   0x00000000000008f0      0x500 Build/obj/stm32g0xx_hal_fdcan.o
 .debug_frame   0x0000000000000df0      0xa98 Build/obj/stm32g0xx_hal_tim.o
 .debug_frame   0x0000000000001888      0x178 Build/obj/app_serial.o
 .debug_frame   0x0000000000001a00      0x1c0 Build/obj/app_clock.o
 .debug_frame   0x0000000000001bc0      0x26c Build/obj/stm32g0xx_hal_rtc.o
 .debug_frame   0x0000000000001e2c       0xe4 Build/obj/stm32g0xx_hal_pwr.o
 .debug_frame   0x0000000000001f10      0x26c Build/obj/stm32g0xx_hal_pwr_ex.o
 .debug_frame   0x000000000000217c      0x130 Build/obj/stm32g0xx_hal_rcc_ex.o
 .debug_frame   0x00000000000022ac       0xe4 Build/obj/hel_lcd.o
 .debug_frame   0x0000000000002390       0x40 Build/obj/app_bsp.o
 .debug_frame   0x00000000000023d0      0x51c Build/obj/stm32g0xx_hal_spi.o
 .debug_frame   0x00000000000028ec      0x130 Build/obj/app_display.o
 .debug_frame   0x0000000000002a1c       0x7c Build/obj/stm32g0xx_hal_wwdg.o
 .debug_frame   0x0000000000002a98      0x100 Build/obj/hil_queue.o
 .debug_frame   0x0000000000002b98      0x100 Build/obj/scheduler.o
 .debug_frame   0x0000000000002c98      0x3c8 Build/obj/stm32g0xx_hal_rtc_ex.o
 .debug_frame   0x0000000000003060       0x20 /usr/lib/gcc/arm-none-eabi/12.2.0/thumb/v6-m/nofp/libgcc.a(_udivsi3.o)
 .debug_frame   0x0000000000003080       0x20 /usr/lib/gcc/arm-none-eabi/12.2.0/thumb/v6-m/nofp/libgcc.a(_divsi3.o)
 .debug_frame   0x00000000000030a0       0x40 /usr/lib/gcc/arm-none-eabi/12.2.0/../../../../arm-none-eabi/lib/thumb/v6-m/nofp/libc_nano.a(libc_a-itoa.o)
 .debug_frame   0x00000000000030e0       0x48 /usr/lib/gcc/arm-none-eabi/12.2.0/../../../../arm-none-eabi/lib/thumb/v6-m/nofp/libc_nano.a(libc_a-utoa.o)
 .debug_frame   0x0000000000003128       0x20 /usr/lib/gcc/arm-none-eabi/12.2.0/../../../../arm-none-eabi/lib/thumb/v6-m/nofp/libc_nano.a(libc_a-memset.o)
 .debug_frame   0x0000000000003148       0x28 /usr/lib/gcc/arm-none-eabi/12.2.0/../../../../arm-none-eabi/lib/thumb/v6-m/nofp/libc_nano.a(libc_a-strcat.o)
 .debug_frame   0x0000000000003170       0x2c /usr/lib/gcc/arm-none-eabi/12.2.0/../../../../arm-none-eabi/lib/thumb/v6-m/nofp/libc_nano.a(libc_a-init.o)
 .debug_frame   0x000000000000319c       0x20 /usr/lib/gcc/arm-none-eabi/12.2.0/../../../../arm-none-eabi/lib/thumb/v6-m/nofp/libc_nano.a(libc_a-strcpy.o)
 .debug_frame   0x00000000000031bc       0x28 /usr/lib/gcc/arm-none-eabi/12.2.0/../../../../arm-none-eabi/lib/thumb/v6-m/nofp/libc_nano.a(libc_a-memcpy-stub.o)

.debug_line_str
                0x0000000000000000      0x135
 .debug_line_str
                0x0000000000000000       0x92 /usr/lib/gcc/arm-none-eabi/12.2.0/thumb/v6-m/nofp/libgcc.a(_udivsi3.o)
 .debug_line_str
                0x0000000000000092       0x92 /usr/lib/gcc/arm-none-eabi/12.2.0/thumb/v6-m/nofp/libgcc.a(_divsi3.o)
 .debug_line_str
                0x0000000000000092       0x92 /usr/lib/gcc/arm-none-eabi/12.2.0/thumb/v6-m/nofp/libgcc.a(_dvmd_tls.o)
 .debug_line_str
                0x0000000000000092       0xa3 /usr/lib/gcc/arm-none-eabi/12.2.0/../../../../arm-none-eabi/lib/thumb/v6-m/nofp/libc_nano.a(libc_a-strlen.o)

.debug_loclists
                0x0000000000000000      0x45c
 .debug_loclists
                0x0000000000000000      0x123 /usr/lib/gcc/arm-none-eabi/12.2.0/../../../../arm-none-eabi/lib/thumb/v6-m/nofp/libc_nano.a(libc_a-itoa.o)
 .debug_loclists
                0x0000000000000123      0x12c /usr/lib/gcc/arm-none-eabi/12.2.0/../../../../arm-none-eabi/lib/thumb/v6-m/nofp/libc_nano.a(libc_a-utoa.o)
 .debug_loclists
                0x000000000000024f       0x6e /usr/lib/gcc/arm-none-eabi/12.2.0/../../../../arm-none-eabi/lib/thumb/v6-m/nofp/libc_nano.a(libc_a-memset.o)
 .debug_loclists
                0x00000000000002bd       0x8b /usr/lib/gcc/arm-none-eabi/12.2.0/../../../../arm-none-eabi/lib/thumb/v6-m/nofp/libc_nano.a(libc_a-strcat.o)
 .debug_loclists
                0x0000000000000348       0x42 /usr/lib/gcc/arm-none-eabi/12.2.0/../../../../arm-none-eabi/lib/thumb/v6-m/nofp/libc_nano.a(libc_a-init.o)
 .debug_loclists
                0x000000000000038a       0x23 /usr/lib/gcc/arm-none-eabi/12.2.0/../../../../arm-none-eabi/lib/thumb/v6-m/nofp/libc_nano.a(libc_a-strcpy.o)
 .debug_loclists
                0x00000000000003ad       0xaf /usr/lib/gcc/arm-none-eabi/12.2.0/../../../../arm-none-eabi/lib/thumb/v6-m/nofp/libc_nano.a(libc_a-memcpy-stub.o)
